Component: ARM Compiler 5.06 update 6 (build 750) Tool: armlink [4d35ed]

==============================================================================

Section Cross References

    startup_stm32f072xb.o(RESET) refers to startup_stm32f072xb.o(STACK) for __initial_sp
    startup_stm32f072xb.o(RESET) refers to startup_stm32f072xb.o(.text) for Reset_Handler
    startup_stm32f072xb.o(RESET) refers to stm32f0xx_it.o(i.NMI_Handler) for NMI_Handler
    startup_stm32f072xb.o(RESET) refers to stm32f0xx_it.o(i.HardFault_Handler) for HardFault_Handler
    startup_stm32f072xb.o(RESET) refers to stm32f0xx_it.o(i.SVC_Handler) for SVC_Handler
    startup_stm32f072xb.o(RESET) refers to stm32f0xx_it.o(i.PendSV_Handler) for PendSV_Handler
    startup_stm32f072xb.o(RESET) refers to stm32f0xx_it.o(i.SysTick_Handler) for SysTick_Handler
    startup_stm32f072xb.o(RESET) refers to stm32f0xx_it.o(i.ADC1_COMP_IRQHandler) for ADC1_COMP_IRQHandler
    startup_stm32f072xb.o(RESET) refers to stm32f0xx_it.o(i.TIM7_IRQHandler) for TIM7_IRQHandler
    startup_stm32f072xb.o(RESET) refers to stm32f0xx_it.o(i.I2C1_IRQHandler) for I2C1_IRQHandler
    startup_stm32f072xb.o(RESET) refers to stm32f0xx_it.o(i.USART2_IRQHandler) for USART2_IRQHandler
    startup_stm32f072xb.o(.text) refers to system_stm32f0xx.o(i.SystemInit) for SystemInit
    startup_stm32f072xb.o(.text) refers to entry.o(.ARM.Collect$$$$00000000) for __main
    main.o(i.MX_ADC_Init) refers to stm32f0xx_hal_adc.o(i.HAL_ADC_Init) for HAL_ADC_Init
    main.o(i.MX_ADC_Init) refers to main.o(i.Error_Handler) for Error_Handler
    main.o(i.MX_ADC_Init) refers to stm32f0xx_hal_adc.o(i.HAL_ADC_ConfigChannel) for HAL_ADC_ConfigChannel
    main.o(i.MX_ADC_Init) refers to main.o(.bss) for hadc
    main.o(i.MX_GPIO_Init) refers to memseta.o(.text) for __aeabi_memclr4
    main.o(i.MX_GPIO_Init) refers to stm32f0xx_hal_gpio.o(i.HAL_GPIO_WritePin) for HAL_GPIO_WritePin
    main.o(i.MX_GPIO_Init) refers to stm32f0xx_hal_gpio.o(i.HAL_GPIO_Init) for HAL_GPIO_Init
    main.o(i.MX_I2C1_Init) refers to stm32f0xx_hal_i2c.o(i.HAL_I2C_Init) for HAL_I2C_Init
    main.o(i.MX_I2C1_Init) refers to main.o(i.Error_Handler) for Error_Handler
    main.o(i.MX_I2C1_Init) refers to stm32f0xx_hal_i2c_ex.o(i.HAL_I2CEx_ConfigAnalogFilter) for HAL_I2CEx_ConfigAnalogFilter
    main.o(i.MX_I2C1_Init) refers to stm32f0xx_hal_i2c_ex.o(i.HAL_I2CEx_ConfigDigitalFilter) for HAL_I2CEx_ConfigDigitalFilter
    main.o(i.MX_I2C1_Init) refers to main.o(.bss) for hi2c1
    main.o(i.MX_TIM7_Init) refers to stm32f0xx_hal_tim.o(i.HAL_TIM_Base_Init) for HAL_TIM_Base_Init
    main.o(i.MX_TIM7_Init) refers to main.o(i.Error_Handler) for Error_Handler
    main.o(i.MX_TIM7_Init) refers to stm32f0xx_hal_tim_ex.o(i.HAL_TIMEx_MasterConfigSynchronization) for HAL_TIMEx_MasterConfigSynchronization
    main.o(i.MX_TIM7_Init) refers to main.o(.bss) for htim7
    main.o(i.MX_USART2_UART_Init) refers to stm32f0xx_hal_uart.o(i.HAL_UART_Init) for HAL_UART_Init
    main.o(i.MX_USART2_UART_Init) refers to main.o(i.Error_Handler) for Error_Handler
    main.o(i.MX_USART2_UART_Init) refers to main.o(.bss) for huart2
    main.o(i.SystemClock_Config) refers to memseta.o(.text) for __aeabi_memclr4
    main.o(i.SystemClock_Config) refers to stm32f0xx_hal_rcc.o(i.HAL_RCC_OscConfig) for HAL_RCC_OscConfig
    main.o(i.SystemClock_Config) refers to main.o(i.Error_Handler) for Error_Handler
    main.o(i.SystemClock_Config) refers to stm32f0xx_hal_rcc.o(i.HAL_RCC_ClockConfig) for HAL_RCC_ClockConfig
    main.o(i.SystemClock_Config) refers to stm32f0xx_hal_rcc_ex.o(i.HAL_RCCEx_PeriphCLKConfig) for HAL_RCCEx_PeriphCLKConfig
    main.o(i.main) refers to stm32f0xx_hal.o(i.HAL_Init) for HAL_Init
    main.o(i.main) refers to main.o(i.SystemClock_Config) for SystemClock_Config
    main.o(i.main) refers to main.o(i.MX_GPIO_Init) for MX_GPIO_Init
    main.o(i.main) refers to main.o(i.MX_ADC_Init) for MX_ADC_Init
    main.o(i.main) refers to main.o(i.MX_I2C1_Init) for MX_I2C1_Init
    main.o(i.main) refers to main.o(i.MX_TIM7_Init) for MX_TIM7_Init
    main.o(i.main) refers to main.o(i.MX_USART2_UART_Init) for MX_USART2_UART_Init
    main.o(i.main) refers to main.o(i.wait_tim) for wait_tim
    main.o(i.main) refers to stm32f0xx_it.o(.data) for loops
    main.o(i.main) refers to main.o(.data) for NBYTES
    main.o(i.wait_tim) refers to stm32f0xx_it.o(i.led) for led
    main.o(i.wait_tim) refers to stm32f0xx_it.o(.data) for wait
    stm32f0xx_it.o(i.ADC1_COMP_IRQHandler) refers to dfltui.o(.text) for __aeabi_ui2d
    stm32f0xx_it.o(i.ADC1_COMP_IRQHandler) refers to dmul.o(.text) for __aeabi_dmul
    stm32f0xx_it.o(i.ADC1_COMP_IRQHandler) refers to ddiv.o(.text) for __aeabi_ddiv
    stm32f0xx_it.o(i.ADC1_COMP_IRQHandler) refers to dfixui.o(.text) for __aeabi_d2uiz
    stm32f0xx_it.o(i.ADC1_COMP_IRQHandler) refers to dadd.o(.text) for __aeabi_dsub
    stm32f0xx_it.o(i.ADC1_COMP_IRQHandler) refers to d2f.o(.text) for __aeabi_d2f
[...]
    Removing stm32f0xx_hal_i2c.o(i.HAL_I2C_Mem_Write), (420 bytes).
    Removing stm32f0xx_hal_i2c.o(i.HAL_I2C_Mem_Write_DMA), (380 bytes).
    Removing stm32f0xx_hal_i2c.o(i.HAL_I2C_Mem_Write_IT), (224 bytes).
    Removing stm32f0xx_hal_i2c.o(i.HAL_I2C_MspDeInit), (2 bytes).
    Removing stm32f0xx_hal_i2c.o(i.HAL_I2C_MspInit), (2 bytes).
    Removing stm32f0xx_hal_i2c.o(i.HAL_I2C_Slave_Receive), (390 bytes).
    Removing stm32f0xx_hal_i2c.o(i.HAL_I2C_Slave_Receive_DMA), (284 bytes).
    Removing stm32f0xx_hal_i2c.o(i.HAL_I2C_Slave_Receive_IT), (116 bytes).
    Removing stm32f0xx_hal_i2c.o(i.HAL_I2C_Slave_Seq_Receive_DMA), (464 bytes).
    Removing stm32f0xx_hal_i2c.o(i.HAL_I2C_Slave_Seq_Receive_IT), (236 bytes).
    Removing stm32f0xx_hal_i2c.o(i.HAL_I2C_Slave_Seq_Transmit_DMA), (464 bytes).
    Removing stm32f0xx_hal_i2c.o(i.HAL_I2C_Slave_Seq_Transmit_IT), (236 bytes).
    Removing stm32f0xx_hal_i2c.o(i.HAL_I2C_Slave_Transmit), (418 bytes).
    Removing stm32f0xx_hal_i2c.o(i.HAL_I2C_Slave_Transmit_DMA), (284 bytes).
    Removing stm32f0xx_hal_i2c.o(i.HAL_I2C_Slave_Transmit_IT), (116 bytes).
    Removing stm32f0xx_hal_i2c.o(i.I2C_ConvertOtherXferOptions), (30 bytes).
    Removing stm32f0xx_hal_i2c.o(i.I2C_DMAError), (30 bytes).
    Removing stm32f0xx_hal_i2c.o(i.I2C_DMAMasterReceiveCplt), (100 bytes).
    Removing stm32f0xx_hal_i2c.o(i.I2C_DMAMasterTransmitCplt), (100 bytes).
    Removing stm32f0xx_hal_i2c.o(i.I2C_DMASlaveReceiveCplt), (52 bytes).
    Removing stm32f0xx_hal_i2c.o(i.I2C_DMASlaveTransmitCplt), (42 bytes).
    Removing stm32f0xx_hal_i2c.o(i.I2C_Enable_IRQ), (144 bytes).
    Removing stm32f0xx_hal_i2c.o(i.I2C_ITMasterCplt), (236 bytes).
    Removing stm32f0xx_hal_i2c.o(i.I2C_ITMasterSeqCplt), (98 bytes).
    Removing stm32f0xx_hal_i2c.o(i.I2C_IsAcknowledgeFailed), (160 bytes).
    Removing stm32f0xx_hal_i2c.o(i.I2C_Master_ISR_DMA), (392 bytes).
    Removing stm32f0xx_hal_i2c.o(i.I2C_Master_ISR_IT), (464 bytes).
    Removing stm32f0xx_hal_i2c.o(i.I2C_RequestMemoryRead), (128 bytes).
    Removing stm32f0xx_hal_i2c.o(i.I2C_RequestMemoryWrite), (128 bytes).
    Removing stm32f0xx_hal_i2c.o(i.I2C_Slave_ISR_DMA), (336 bytes).
    Removing stm32f0xx_hal_i2c.o(i.I2C_TransferConfig), (56 bytes).
    Removing stm32f0xx_hal_i2c.o(i.I2C_WaitOnFlagUntilTimeout), (88 bytes).
    Removing stm32f0xx_hal_i2c.o(i.I2C_WaitOnRXNEFlagUntilTimeout), (176 bytes).
    Removing stm32f0xx_hal_i2c.o(i.I2C_WaitOnSTOPFlagUntilTimeout), (90 bytes).
    Removing stm32f0xx_hal_i2c.o(i.I2C_WaitOnTXISFlagUntilTimeout), (96 bytes).
    Removing stm32f0xx_hal_i2c_ex.o(.rev16_text), (4 bytes).
    Removing stm32f0xx_hal_i2c_ex.o(.revsh_text), (4 bytes).
    Removing stm32f0xx_hal_i2c_ex.o(i.HAL_I2CEx_DisableFastModePlus), (52 bytes).
    Removing stm32f0xx_hal_i2c_ex.o(i.HAL_I2CEx_DisableWakeUp), (100 bytes).
    Removing stm32f0xx_hal_i2c_ex.o(i.HAL_I2CEx_EnableFastModePlus), (52 bytes).
    Removing stm32f0xx_hal_i2c_ex.o(i.HAL_I2CEx_EnableWakeUp), (100 bytes).
    Removing stm32f0xx_hal_gpio.o(.rev16_text), (4 bytes).
    Removing stm32f0xx_hal_gpio.o(.revsh_text), (4 bytes).
    Removing stm32f0xx_hal_gpio.o(i.HAL_GPIO_DeInit), (276 bytes).
    Removing stm32f0xx_hal_gpio.o(i.HAL_GPIO_EXTI_Callback), (2 bytes).
    Removing stm32f0xx_hal_gpio.o(i.HAL_GPIO_EXTI_IRQHandler), (32 bytes).
    Removing stm32f0xx_hal_gpio.o(i.HAL_GPIO_LockPin), (50 bytes).
    Removing stm32f0xx_hal_gpio.o(i.HAL_GPIO_ReadPin), (18 bytes).
    Removing stm32f0xx_hal_gpio.o(i.HAL_GPIO_TogglePin), (18 bytes).
    Removing stm32f0xx_hal_dma.o(.rev16_text), (4 bytes).
    Removing stm32f0xx_hal_dma.o(.revsh_text), (4 bytes).
    Removing stm32f0xx_hal_dma.o(i.DMA_CalcBaseAndBitshift), (32 bytes).
    Removing stm32f0xx_hal_dma.o(i.DMA_SetConfig), (42 bytes).
    Removing stm32f0xx_hal_dma.o(i.HAL_DMA_Abort), (82 bytes).
    Removing stm32f0xx_hal_dma.o(i.HAL_DMA_DeInit), (88 bytes).
    Removing stm32f0xx_hal_dma.o(i.HAL_DMA_GetError), (6 bytes).
    Removing stm32f0xx_hal_dma.o(i.HAL_DMA_GetState), (8 bytes).
    Removing stm32f0xx_hal_dma.o(i.HAL_DMA_IRQHandler), (240 bytes).
    Removing stm32f0xx_hal_dma.o(i.HAL_DMA_Init), (92 bytes).
    Removing stm32f0xx_hal_dma.o(i.HAL_DMA_PollForTransfer), (236 bytes).
    Removing stm32f0xx_hal_dma.o(i.HAL_DMA_RegisterCallback), (92 bytes).
    Removing stm32f0xx_hal_dma.o(i.HAL_DMA_Start), (110 bytes).
    Removing stm32f0xx_hal_dma.o(i.HAL_DMA_Start_IT), (154 bytes).
    Removing stm32f0xx_hal_dma.o(i.HAL_DMA_UnRegisterCallback), (108 bytes).
    Removing stm32f0xx_hal_cortex.o(.rev16_text), (4 bytes).
    Removing stm32f0xx_hal_cortex.o(.revsh_text), (4 bytes).
    Removing stm32f0xx_hal_cortex.o(i.HAL_NVIC_ClearPendingIRQ), (28 bytes).
    Removing stm32f0xx_hal_cortex.o(i.HAL_NVIC_DisableIRQ), (60 bytes).
    Removing stm32f0xx_hal_cortex.o(i.HAL_NVIC_GetPendingIRQ), (48 bytes).
    Removing stm32f0xx_hal_cortex.o(i.HAL_NVIC_GetPriority), (72 bytes).
    Removing stm32f0xx_hal_cortex.o(i.HAL_NVIC_SetPendingIRQ), (28 bytes).
    Removing stm32f0xx_hal_cortex.o(i.HAL_NVIC_SystemReset), (56 bytes).
    Removing stm32f0xx_hal_cortex.o(i.HAL_SYSTICK_CLKSourceConfig), (36 bytes).
    Removing stm32f0xx_hal_cortex.o(i.HAL_SYSTICK_Callback), (2 bytes).
    Removing stm32f0xx_hal_cortex.o(i.HAL_SYSTICK_IRQHandler), (8 bytes).
    Removing stm32f0xx_hal_pwr.o(.rev16_text), (4 bytes).
    Removing stm32f0xx_hal_pwr.o(.revsh_text), (4 bytes).
    Removing stm32f0xx_hal_pwr.o(i.HAL_PWR_DeInit), (32 bytes).
    Removing stm32f0xx_hal_pwr.o(i.HAL_PWR_DisableBkUpAccess), (20 bytes).
    Removing stm32f0xx_hal_pwr.o(i.HAL_PWR_DisableSEVOnPend), (20 bytes).
    Removing stm32f0xx_hal_pwr.o(i.HAL_PWR_DisableSleepOnExit), (20 bytes).
    Removing stm32f0xx_hal_pwr.o(i.HAL_PWR_DisableWakeUpPin), (16 bytes).
    Removing stm32f0xx_hal_pwr.o(i.HAL_PWR_EnableBkUpAccess), (20 bytes).
    Removing stm32f0xx_hal_pwr.o(i.HAL_PWR_EnableSEVOnPend), (20 bytes).
    Removing stm32f0xx_hal_pwr.o(i.HAL_PWR_EnableSleepOnExit), (20 bytes).
    Removing stm32f0xx_hal_pwr.o(i.HAL_PWR_EnableWakeUpPin), (16 bytes).
    Removing stm32f0xx_hal_pwr.o(i.HAL_PWR_EnterSLEEPMode), (32 bytes).
    Removing stm32f0xx_hal_pwr.o(i.HAL_PWR_EnterSTANDBYMode), (40 bytes).
    Removing stm32f0xx_hal_pwr.o(i.HAL_PWR_EnterSTOPMode), (72 bytes).
    Removing stm32f0xx_hal_pwr_ex.o(.rev16_text), (4 bytes).
    Removing stm32f0xx_hal_pwr_ex.o(.revsh_text), (4 bytes).
    Removing stm32f0xx_hal_pwr_ex.o(i.HAL_PWREx_DisableVddio2Monitor), (44 bytes).
    Removing stm32f0xx_hal_pwr_ex.o(i.HAL_PWREx_EnableVddio2Monitor), (32 bytes).
    Removing stm32f0xx_hal_pwr_ex.o(i.HAL_PWREx_Vddio2MonitorCallback), (2 bytes).
    Removing stm32f0xx_hal_pwr_ex.o(i.HAL_PWREx_Vddio2Monitor_IRQHandler), (32 bytes).
    Removing stm32f0xx_hal_pwr_ex.o(i.HAL_PWR_ConfigPVD), (176 bytes).
    Removing stm32f0xx_hal_pwr_ex.o(i.HAL_PWR_DisablePVD), (20 bytes).
    Removing stm32f0xx_hal_pwr_ex.o(i.HAL_PWR_EnablePVD), (20 bytes).
    Removing stm32f0xx_hal_pwr_ex.o(i.HAL_PWR_PVDCallback), (2 bytes).
    Removing stm32f0xx_hal_pwr_ex.o(i.HAL_PWR_PVD_IRQHandler), (36 bytes).
    Removing stm32f0xx_hal_flash.o(.rev16_text), (4 bytes).
    Removing stm32f0xx_hal_flash.o(.revsh_text), (4 bytes).
    Removing stm32f0xx_hal_flash.o(i.FLASH_Program_HalfWord), (32 bytes).
    Removing stm32f0xx_hal_flash.o(i.FLASH_SetErrorCode), (72 bytes).
    Removing stm32f0xx_hal_flash.o(i.FLASH_WaitForLastOperation), (104 bytes).
    Removing stm32f0xx_hal_flash.o(i.HAL_FLASH_EndOfOperationCallback), (2 bytes).
    Removing stm32f0xx_hal_flash.o(i.HAL_FLASH_GetError), (12 bytes).
    Removing stm32f0xx_hal_flash.o(i.HAL_FLASH_IRQHandler), (396 bytes).
    Removing stm32f0xx_hal_flash.o(i.HAL_FLASH_Lock), (20 bytes).
    Removing stm32f0xx_hal_flash.o(i.HAL_FLASH_OB_Launch), (32 bytes).
    Removing stm32f0xx_hal_flash.o(i.HAL_FLASH_OB_Lock), (24 bytes).
    Removing stm32f0xx_hal_flash.o(i.HAL_FLASH_OB_Unlock), (48 bytes).
    Removing stm32f0xx_hal_flash.o(i.HAL_FLASH_OperationErrorCallback), (2 bytes).
    Removing stm32f0xx_hal_flash.o(i.HAL_FLASH_Program), (188 bytes).
    Removing stm32f0xx_hal_flash.o(i.HAL_FLASH_Program_IT), (120 bytes).
    Removing stm32f0xx_hal_flash.o(i.HAL_FLASH_Unlock), (52 bytes).
    Removing stm32f0xx_hal_flash.o(.bss), (32 bytes).
    Removing stm32f0xx_hal_flash_ex.o(.rev16_text), (4 bytes).
    Removing stm32f0xx_hal_flash_ex.o(.revsh_text), (4 bytes).
    Removing stm32f0xx_hal_flash_ex.o(i.FLASH_MassErase), (40 bytes).
    Removing stm32f0xx_hal_flash_ex.o(i.FLASH_OB_DisableWRP), (228 bytes).
    Removing stm32f0xx_hal_flash_ex.o(i.FLASH_OB_EnableWRP), (232 bytes).
    Removing stm32f0xx_hal_flash_ex.o(i.FLASH_OB_GetRDP), (40 bytes).
    Removing stm32f0xx_hal_flash_ex.o(i.FLASH_OB_GetUser), (20 bytes).
    Removing stm32f0xx_hal_flash_ex.o(i.FLASH_OB_GetWRP), (12 bytes).
    Removing stm32f0xx_hal_flash_ex.o(i.FLASH_OB_ProgramData), (76 bytes).
    Removing stm32f0xx_hal_flash_ex.o(i.FLASH_OB_RDP_LevelConfig), (128 bytes).
    Removing stm32f0xx_hal_flash_ex.o(i.FLASH_OB_UserConfig), (84 bytes).
    Removing stm32f0xx_hal_flash_ex.o(i.FLASH_PageErase), (44 bytes).
    Removing stm32f0xx_hal_flash_ex.o(i.HAL_FLASHEx_Erase), (172 bytes).
    Removing stm32f0xx_hal_flash_ex.o(i.HAL_FLASHEx_Erase_IT), (104 bytes).
    Removing stm32f0xx_hal_flash_ex.o(i.HAL_FLASHEx_OBErase), (100 bytes).
    Removing stm32f0xx_hal_flash_ex.o(i.HAL_FLASHEx_OBGetConfig), (28 bytes).
    Removing stm32f0xx_hal_flash_ex.o(i.HAL_FLASHEx_OBGetUserData), (40 bytes).
    Removing stm32f0xx_hal_flash_ex.o(i.HAL_FLASHEx_OBProgram), (208 bytes).
    Removing stm32f0xx_hal_exti.o(.rev16_text), (4 bytes).
    Removing stm32f0xx_hal_exti.o(.revsh_text), (4 bytes).
    Removing stm32f0xx_hal_exti.o(i.HAL_EXTI_ClearConfigLine), (124 bytes).
    Removing stm32f0xx_hal_exti.o(i.HAL_EXTI_ClearPending), (28 bytes).
    Removing stm32f0xx_hal_exti.o(i.HAL_EXTI_GenerateSWI), (24 bytes).
    Removing stm32f0xx_hal_exti.o(i.HAL_EXTI_GetConfigLine), (184 bytes).
    Removing stm32f0xx_hal_exti.o(i.HAL_EXTI_GetHandle), (16 bytes).
    Removing stm32f0xx_hal_exti.o(i.HAL_EXTI_GetPending), (36 bytes).
    Removing stm32f0xx_hal_exti.o(i.HAL_EXTI_IRQHandler), (48 bytes).
    Removing stm32f0xx_hal_exti.o(i.HAL_EXTI_RegisterCallback), (22 bytes).
    Removing stm32f0xx_hal_exti.o(i.HAL_EXTI_SetConfigLine), (236 bytes).
    Removing stm32f0xx_hal_tim.o(.rev16_text), (4 bytes).
    Removing stm32f0xx_hal_tim.o(.revsh_text), (4 bytes).
    Removing stm32f0xx_hal_tim.o(i.HAL_TIM_Base_DeInit), (80 bytes).
    Removing stm32f0xx_hal_tim.o(i.HAL_TIM_Base_GetState), (8 bytes).
    Removing stm32f0xx_hal_tim.o(i.HAL_TIM_Base_MspDeInit), (2 bytes).
    Removing stm32f0xx_hal_tim.o(i.HAL_TIM_Base_MspInit), (2 bytes).
    Removing stm32f0xx_hal_tim.o(i.HAL_TIM_Base_Start), (42 bytes).
    Removing stm32f0xx_hal_tim.o(i.HAL_TIM_Base_Start_DMA), (140 bytes).
    Removing stm32f0xx_hal_tim.o(i.HAL_TIM_Base_Start_IT), (42 bytes).
    Removing stm32f0xx_hal_tim.o(i.HAL_TIM_Base_Stop), (64 bytes).
    Removing stm32f0xx_hal_tim.o(i.HAL_TIM_Base_Stop_DMA), (80 bytes).
    Removing stm32f0xx_hal_tim.o(i.HAL_TIM_Base_Stop_IT), (64 bytes).
    Removing stm32f0xx_hal_tim.o(i.HAL_TIM_ConfigClockSource), (272 bytes).
    Removing stm32f0xx_hal_tim.o(i.HAL_TIM_ConfigOCrefClear), (328 bytes).
    Removing stm32f0xx_hal_tim.o(i.HAL_TIM_ConfigTI1Input), (32 bytes).
    Removing stm32f0xx_hal_tim.o(i.HAL_TIM_DMABurst_MultiReadStart), (496 bytes).
    Removing stm32f0xx_hal_tim.o(i.HAL_TIM_DMABurst_MultiWriteStart), (496 bytes).
    Removing stm32f0xx_hal_tim.o(i.HAL_TIM_DMABurst_ReadStart), (36 bytes).
    Removing stm32f0xx_hal_tim.o(i.HAL_TIM_DMABurst_ReadStop), (166 bytes).
    Removing stm32f0xx_hal_tim.o(i.HAL_TIM_DMABurst_WriteStart), (36 bytes).
    Removing stm32f0xx_hal_tim.o(i.HAL_TIM_DMABurst_WriteStop), (166 bytes).
    Removing stm32f0xx_hal_tim.o(i.HAL_TIM_Encoder_DeInit), (80 bytes).
    Removing stm32f0xx_hal_tim.o(i.HAL_TIM_Encoder_GetState), (8 bytes).
    Removing stm32f0xx_hal_tim.o(i.HAL_TIM_Encoder_Init), (192 bytes).
    Removing stm32f0xx_hal_tim.o(i.HAL_TIM_Encoder_MspDeInit), (2 bytes).
    Removing stm32f0xx_hal_tim.o(i.HAL_TIM_Encoder_MspInit), (2 bytes).
    Removing stm32f0xx_hal_tim.o(i.HAL_TIM_Encoder_Start), (80 bytes).
    Removing stm32f0xx_hal_tim.o(i.HAL_TIM_Encoder_Start_DMA), (396 bytes).
    Removing stm32f0xx_hal_tim.o(i.HAL_TIM_Encoder_Start_IT), (128 bytes).
    Removing stm32f0xx_hal_tim.o(i.HAL_TIM_Encoder_Stop), (112 bytes).
    Removing stm32f0xx_hal_tim.o(i.HAL_TIM_Encoder_Stop_DMA), (192 bytes).
    Removing stm32f0xx_hal_tim.o(i.HAL_TIM_Encoder_Stop_IT), (160 bytes).
    Removing stm32f0xx_hal_tim.o(i.HAL_TIM_ErrorCallback), (2 bytes).
    Removing stm32f0xx_hal_tim.o(i.HAL_TIM_GenerateEvent), (54 bytes).
    Removing stm32f0xx_hal_tim.o(i.HAL_TIM_IC_CaptureHalfCpltCallback), (2 bytes).
    Removing stm32f0xx_hal_tim.o(i.HAL_TIM_IC_ConfigChannel), (226 bytes).
    Removing stm32f0xx_hal_tim.o(i.HAL_TIM_IC_DeInit), (80 bytes).
    Removing stm32f0xx_hal_tim.o(i.HAL_TIM_IC_GetState), (8 bytes).
    Removing stm32f0xx_hal_tim.o(i.HAL_TIM_IC_Init), (56 bytes).
    Removing stm32f0xx_hal_tim.o(i.HAL_TIM_IC_MspDeInit), (2 bytes).
    Removing stm32f0xx_hal_tim.o(i.HAL_TIM_IC_MspInit), (2 bytes).
    Removing stm32f0xx_hal_tim.o(i.HAL_TIM_IC_Start), (44 bytes).
    Removing stm32f0xx_hal_tim.o(i.HAL_TIM_IC_Start_DMA), (356 bytes).
    Removing stm32f0xx_hal_tim.o(i.HAL_TIM_IC_Start_IT), (122 bytes).
    Removing stm32f0xx_hal_tim.o(i.HAL_TIM_IC_Stop), (64 bytes).
    Removing stm32f0xx_hal_tim.o(i.HAL_TIM_IC_Stop_DMA), (180 bytes).
    Removing stm32f0xx_hal_tim.o(i.HAL_TIM_IC_Stop_IT), (144 bytes).
    Removing stm32f0xx_hal_tim.o(i.HAL_TIM_OC_ConfigChannel), (118 bytes).
    Removing stm32f0xx_hal_tim.o(i.HAL_TIM_OC_DeInit), (80 bytes).
    Removing stm32f0xx_hal_tim.o(i.HAL_TIM_OC_GetState), (8 bytes).
    Removing stm32f0xx_hal_tim.o(i.HAL_TIM_OC_Init), (56 bytes).
    Removing stm32f0xx_hal_tim.o(i.HAL_TIM_OC_MspDeInit), (2 bytes).
    Removing stm32f0xx_hal_tim.o(i.HAL_TIM_OC_MspInit), (2 bytes).
    Removing stm32f0xx_hal_tim.o(i.HAL_TIM_OC_Start), (116 bytes).
    Removing stm32f0xx_hal_tim.o(i.HAL_TIM_OC_Start_DMA), (428 bytes).
    Removing stm32f0xx_hal_tim.o(i.HAL_TIM_OC_Start_IT), (196 bytes).
    Removing stm32f0xx_hal_tim.o(i.HAL_TIM_OC_Stop), (164 bytes).
    Removing stm32f0xx_hal_tim.o(i.HAL_TIM_OC_Stop_DMA), (280 bytes).
    Removing stm32f0xx_hal_tim.o(i.HAL_TIM_OC_Stop_IT), (244 bytes).
    Removing stm32f0xx_hal_tim.o(i.HAL_TIM_OnePulse_ConfigChannel), (298 bytes).
    Removing stm32f0xx_hal_tim.o(i.HAL_TIM_OnePulse_DeInit), (80 bytes).
    Removing stm32f0xx_hal_tim.o(i.HAL_TIM_OnePulse_GetState), (8 bytes).
    Removing stm32f0xx_hal_tim.o(i.HAL_TIM_OnePulse_Init), (80 bytes).
    Removing stm32f0xx_hal_tim.o(i.HAL_TIM_OnePulse_MspDeInit), (2 bytes).
    Removing stm32f0xx_hal_tim.o(i.HAL_TIM_OnePulse_MspInit), (2 bytes).
    Removing stm32f0xx_hal_tim.o(i.HAL_TIM_OnePulse_Start), (104 bytes).
    Removing stm32f0xx_hal_tim.o(i.HAL_TIM_OnePulse_Start_IT), (128 bytes).
    Removing stm32f0xx_hal_tim.o(i.HAL_TIM_OnePulse_Stop), (176 bytes).
    Removing stm32f0xx_hal_tim.o(i.HAL_TIM_OnePulse_Stop_IT), (200 bytes).
    Removing stm32f0xx_hal_tim.o(i.HAL_TIM_PWM_ConfigChannel), (274 bytes).
    Removing stm32f0xx_hal_tim.o(i.HAL_TIM_PWM_DeInit), (80 bytes).
    Removing stm32f0xx_hal_tim.o(i.HAL_TIM_PWM_GetState), (8 bytes).
    Removing stm32f0xx_hal_tim.o(i.HAL_TIM_PWM_Init), (56 bytes).
    Removing stm32f0xx_hal_tim.o(i.HAL_TIM_PWM_MspDeInit), (2 bytes).
    Removing stm32f0xx_hal_tim.o(i.HAL_TIM_PWM_MspInit), (2 bytes).
    Removing stm32f0xx_hal_tim.o(i.HAL_TIM_PWM_PulseFinishedHalfCpltCallback), (2 bytes).
    Removing stm32f0xx_hal_tim.o(i.HAL_TIM_PWM_Start), (116 bytes).
    Removing stm32f0xx_hal_tim.o(i.HAL_TIM_PWM_Start_DMA), (428 bytes).
    Removing stm32f0xx_hal_tim.o(i.HAL_TIM_PWM_Start_IT), (196 bytes).
    Removing stm32f0xx_hal_tim.o(i.HAL_TIM_PWM_Stop), (172 bytes).
    Removing stm32f0xx_hal_tim.o(i.HAL_TIM_PWM_Stop_DMA), (280 bytes).
    Removing stm32f0xx_hal_tim.o(i.HAL_TIM_PWM_Stop_IT), (244 bytes).
    Removing stm32f0xx_hal_tim.o(i.HAL_TIM_PeriodElapsedHalfCpltCallback), (2 bytes).
    Removing stm32f0xx_hal_tim.o(i.HAL_TIM_ReadCapturedValue), (52 bytes).
    Removing stm32f0xx_hal_tim.o(i.HAL_TIM_SlaveConfigSynchro), (112 bytes).
    Removing stm32f0xx_hal_tim.o(i.HAL_TIM_SlaveConfigSynchro_IT), (112 bytes).
    Removing stm32f0xx_hal_tim.o(i.HAL_TIM_TriggerHalfCpltCallback), (2 bytes).
    Removing stm32f0xx_hal_tim.o(i.TIM_CCxChannelCmd), (34 bytes).
    Removing stm32f0xx_hal_tim.o(i.TIM_DMACaptureCplt), (70 bytes).
    Removing stm32f0xx_hal_tim.o(i.TIM_DMACaptureHalfCplt), (70 bytes).
    Removing stm32f0xx_hal_tim.o(i.TIM_DMADelayPulseCplt), (70 bytes).
    Removing stm32f0xx_hal_tim.o(i.TIM_DMADelayPulseHalfCplt), (70 bytes).
    Removing stm32f0xx_hal_tim.o(i.TIM_DMAError), (20 bytes).
    Removing stm32f0xx_hal_tim.o(i.TIM_DMAPeriodElapsedCplt), (20 bytes).
    Removing stm32f0xx_hal_tim.o(i.TIM_DMAPeriodElapsedHalfCplt), (20 bytes).
    Removing stm32f0xx_hal_tim.o(i.TIM_DMATriggerCplt), (20 bytes).
    Removing stm32f0xx_hal_tim.o(i.TIM_DMATriggerHalfCplt), (20 bytes).
    Removing stm32f0xx_hal_tim.o(i.TIM_ETR_SetConfig), (28 bytes).
    Removing stm32f0xx_hal_tim.o(i.TIM_ITRx_SetConfig), (24 bytes).
    Removing stm32f0xx_hal_tim.o(i.TIM_OC1_SetConfig), (176 bytes).
    Removing stm32f0xx_hal_tim.o(i.TIM_OC2_SetConfig), (192 bytes).
    Removing stm32f0xx_hal_tim.o(i.TIM_OC3_SetConfig), (188 bytes).
    Removing stm32f0xx_hal_tim.o(i.TIM_OC4_SetConfig), (128 bytes).
    Removing stm32f0xx_hal_tim.o(i.TIM_SlaveTimer_SetConfig), (176 bytes).
    Removing stm32f0xx_hal_tim.o(i.TIM_TI1_ConfigInputStage), (50 bytes).
    Removing stm32f0xx_hal_tim.o(i.TIM_TI1_SetConfig), (116 bytes).
    Removing stm32f0xx_hal_tim.o(i.TIM_TI2_ConfigInputStage), (50 bytes).
    Removing stm32f0xx_hal_tim.o(i.TIM_TI2_SetConfig), (72 bytes).
    Removing stm32f0xx_hal_tim.o(i.TIM_TI3_SetConfig), (70 bytes).
    Removing stm32f0xx_hal_tim.o(i.TIM_TI4_SetConfig), (78 bytes).
    Removing stm32f0xx_hal_tim_ex.o(.rev16_text), (4 bytes).
    Removing stm32f0xx_hal_tim_ex.o(.revsh_text), (4 bytes).
    Removing stm32f0xx_hal_tim_ex.o(i.HAL_TIMEx_CommutHalfCpltCallback), (2 bytes).
    Removing stm32f0xx_hal_tim_ex.o(i.HAL_TIMEx_ConfigBreakDeadTime), (140 bytes).
    Removing stm32f0xx_hal_tim_ex.o(i.HAL_TIMEx_ConfigCommutEvent), (138 bytes).
    Removing stm32f0xx_hal_tim_ex.o(i.HAL_TIMEx_ConfigCommutEvent_DMA), (168 bytes).
    Removing stm32f0xx_hal_tim_ex.o(i.HAL_TIMEx_ConfigCommutEvent_IT), (138 bytes).
    Removing stm32f0xx_hal_tim_ex.o(i.HAL_TIMEx_HallSensor_DeInit), (80 bytes).
    Removing stm32f0xx_hal_tim_ex.o(i.HAL_TIMEx_HallSensor_GetState), (8 bytes).
    Removing stm32f0xx_hal_tim_ex.o(i.HAL_TIMEx_HallSensor_Init), (212 bytes).
    Removing stm32f0xx_hal_tim_ex.o(i.HAL_TIMEx_HallSensor_MspDeInit), (2 bytes).
    Removing stm32f0xx_hal_tim_ex.o(i.HAL_TIMEx_HallSensor_MspInit), (2 bytes).
    Removing stm32f0xx_hal_tim_ex.o(i.HAL_TIMEx_HallSensor_Start), (42 bytes).
    Removing stm32f0xx_hal_tim_ex.o(i.HAL_TIMEx_HallSensor_Start_DMA), (148 bytes).
    Removing stm32f0xx_hal_tim_ex.o(i.HAL_TIMEx_HallSensor_Start_IT), (54 bytes).
    Removing stm32f0xx_hal_tim_ex.o(i.HAL_TIMEx_HallSensor_Stop), (64 bytes).
    Removing stm32f0xx_hal_tim_ex.o(i.HAL_TIMEx_HallSensor_Stop_DMA), (84 bytes).
    Removing stm32f0xx_hal_tim_ex.o(i.HAL_TIMEx_HallSensor_Stop_IT), (76 bytes).
    Removing stm32f0xx_hal_tim_ex.o(i.HAL_TIMEx_OCN_Start), (58 bytes).
    Removing stm32f0xx_hal_tim_ex.o(i.HAL_TIMEx_OCN_Start_DMA), (304 bytes).
    Removing stm32f0xx_hal_tim_ex.o(i.HAL_TIMEx_OCN_Start_IT), (130 bytes).
    Removing stm32f0xx_hal_tim_ex.o(i.HAL_TIMEx_OCN_Stop), (108 bytes).
    Removing stm32f0xx_hal_tim_ex.o(i.HAL_TIMEx_OCN_Stop_DMA), (196 bytes).
    Removing stm32f0xx_hal_tim_ex.o(i.HAL_TIMEx_OCN_Stop_IT), (196 bytes).
    Removing stm32f0xx_hal_tim_ex.o(i.HAL_TIMEx_OnePulseN_Start), (34 bytes).
    Removing stm32f0xx_hal_tim_ex.o(i.HAL_TIMEx_OnePulseN_Start_IT), (58 bytes).
    Removing stm32f0xx_hal_tim_ex.o(i.HAL_TIMEx_OnePulseN_Stop), (108 bytes).
    Removing stm32f0xx_hal_tim_ex.o(i.HAL_TIMEx_OnePulseN_Stop_IT), (132 bytes).
    Removing stm32f0xx_hal_tim_ex.o(i.HAL_TIMEx_PWMN_Start), (58 bytes).
    Removing stm32f0xx_hal_tim_ex.o(i.HAL_TIMEx_PWMN_Start_DMA), (304 bytes).
    Removing stm32f0xx_hal_tim_ex.o(i.HAL_TIMEx_PWMN_Start_IT), (130 bytes).
    Removing stm32f0xx_hal_tim_ex.o(i.HAL_TIMEx_PWMN_Stop), (108 bytes).
    Removing stm32f0xx_hal_tim_ex.o(i.HAL_TIMEx_PWMN_Stop_DMA), (196 bytes).
    Removing stm32f0xx_hal_tim_ex.o(i.HAL_TIMEx_PWMN_Stop_IT), (196 bytes).
    Removing stm32f0xx_hal_tim_ex.o(i.HAL_TIMEx_RemapConfig), (42 bytes).
    Removing stm32f0xx_hal_tim_ex.o(i.TIMEx_DMACommutationCplt), (20 bytes).
    Removing stm32f0xx_hal_tim_ex.o(i.TIMEx_DMACommutationHalfCplt), (20 bytes).
    Removing stm32f0xx_hal_tim_ex.o(i.TIM_CCxNChannelCmd), (34 bytes).
    Removing stm32f0xx_hal_uart.o(.rev16_text), (4 bytes).
    Removing stm32f0xx_hal_uart.o(.revsh_text), (4 bytes).
    Removing stm32f0xx_hal_uart.o(i.HAL_HalfDuplex_EnableReceiver), (70 bytes).
    Removing stm32f0xx_hal_uart.o(i.HAL_HalfDuplex_EnableTransmitter), (70 bytes).
    Removing stm32f0xx_hal_uart.o(i.HAL_HalfDuplex_Init), (128 bytes).
    Removing stm32f0xx_hal_uart.o(i.HAL_LIN_Init), (170 bytes).
    Removing stm32f0xx_hal_uart.o(i.HAL_LIN_SendBreak), (58 bytes).
    Removing stm32f0xx_hal_uart.o(i.HAL_MultiProcessor_DisableMuteMode), (54 bytes).
    Removing stm32f0xx_hal_uart.o(i.HAL_MultiProcessor_EnableMuteMode), (54 bytes).
    Removing stm32f0xx_hal_uart.o(i.HAL_MultiProcessor_EnterMuteMode), (14 bytes).
    Removing stm32f0xx_hal_uart.o(i.HAL_MultiProcessor_Init), (160 bytes).
    Removing stm32f0xx_hal_uart.o(i.HAL_UART_Abort), (196 bytes).
    Removing stm32f0xx_hal_uart.o(i.HAL_UART_AbortCpltCallback), (2 bytes).
    Removing stm32f0xx_hal_uart.o(i.HAL_UART_AbortReceive), (124 bytes).
    Removing stm32f0xx_hal_uart.o(i.HAL_UART_AbortReceiveCpltCallback), (2 bytes).
    Removing stm32f0xx_hal_uart.o(i.HAL_UART_AbortReceive_IT), (156 bytes).
    Removing stm32f0xx_hal_uart.o(i.HAL_UART_AbortTransmit), (92 bytes).
    Removing stm32f0xx_hal_uart.o(i.HAL_UART_AbortTransmitCpltCallback), (2 bytes).
    Removing stm32f0xx_hal_uart.o(i.HAL_UART_AbortTransmit_IT), (120 bytes).
    Removing stm32f0xx_hal_uart.o(i.HAL_UART_Abort_IT), (256 bytes).
    Removing stm32f0xx_hal_uart.o(i.HAL_UART_DMAPause), (122 bytes).
    Removing stm32f0xx_hal_uart.o(i.HAL_UART_DMAResume), (106 bytes).
    Removing stm32f0xx_hal_uart.o(i.HAL_UART_DMAStop), (144 bytes).
    Removing stm32f0xx_hal_uart.o(i.HAL_UART_DeInit), (70 bytes).
    Removing stm32f0xx_hal_uart.o(i.HAL_UART_DisableReceiverTimeout), (68 bytes).
    Removing stm32f0xx_hal_uart.o(i.HAL_UART_EnableReceiverTimeout), (68 bytes).
    Removing stm32f0xx_hal_uart.o(i.HAL_UART_GetError), (6 bytes).
    Removing stm32f0xx_hal_uart.o(i.HAL_UART_GetState), (12 bytes).
    Removing stm32f0xx_hal_uart.o(i.HAL_UART_MspDeInit), (2 bytes).
    Removing stm32f0xx_hal_uart.o(i.HAL_UART_MspInit), (2 bytes).
    Removing stm32f0xx_hal_uart.o(i.HAL_UART_Receive), (352 bytes).
    Removing stm32f0xx_hal_uart.o(i.HAL_UART_Receive_DMA), (232 bytes).
    Removing stm32f0xx_hal_uart.o(i.HAL_UART_Receive_IT), (280 bytes).
    Removing stm32f0xx_hal_uart.o(i.HAL_UART_ReceiverTimeout_Config), (16 bytes).
    Removing stm32f0xx_hal_uart.o(i.HAL_UART_RxCpltCallback), (2 bytes).
    Removing stm32f0xx_hal_uart.o(i.HAL_UART_RxHalfCpltCallback), (2 bytes).
    Removing stm32f0xx_hal_uart.o(i.HAL_UART_Transmit), (256 bytes).
    Removing stm32f0xx_hal_uart.o(i.HAL_UART_Transmit_DMA), (216 bytes).
    Removing stm32f0xx_hal_uart.o(i.HAL_UART_Transmit_IT), (156 bytes).
    Removing stm32f0xx_hal_uart.o(i.HAL_UART_TxHalfCpltCallback), (2 bytes).
    Removing stm32f0xx_hal_uart.o(i.UART_DMAError), (82 bytes).
    Removing stm32f0xx_hal_uart.o(i.UART_DMAReceiveCplt), (68 bytes).
    Removing stm32f0xx_hal_uart.o(i.UART_DMARxAbortCallback), (76 bytes).
    Removing stm32f0xx_hal_uart.o(i.UART_DMARxHalfCplt), (14 bytes).
    Removing stm32f0xx_hal_uart.o(i.UART_DMARxOnlyAbortCallback), (42 bytes).
    Removing stm32f0xx_hal_uart.o(i.UART_DMATransmitCplt), (52 bytes).
    Removing stm32f0xx_hal_uart.o(i.UART_DMATxAbortCallback), (64 bytes).
    Removing stm32f0xx_hal_uart.o(i.UART_DMATxHalfCplt), (14 bytes).
    Removing stm32f0xx_hal_uart.o(i.UART_DMATxOnlyAbortCallback), (24 bytes).
    Removing stm32f0xx_hal_uart.o(i.UART_EndTxTransfer), (18 bytes).
    Removing stm32f0xx_hal_uart.o(i.UART_RxISR_16BIT), (106 bytes).
    Removing stm32f0xx_hal_uart.o(i.UART_RxISR_8BIT), (106 bytes).
    Removing stm32f0xx_hal_uart.o(i.UART_TxISR_16BIT), (72 bytes).
    Removing stm32f0xx_hal_uart.o(i.UART_TxISR_8BIT), (68 bytes).
    Removing stm32f0xx_hal_uart_ex.o(.rev16_text), (4 bytes).
    Removing stm32f0xx_hal_uart_ex.o(.revsh_text), (4 bytes).
    Removing stm32f0xx_hal_uart_ex.o(i.HAL_MultiProcessorEx_AddressLength_Set), (64 bytes).
    Removing stm32f0xx_hal_uart_ex.o(i.HAL_RS485Ex_Init), (156 bytes).
    Removing stm32f0xx_hal_uart_ex.o(i.HAL_UARTEx_DisableStopMode), (50 bytes).
    Removing stm32f0xx_hal_uart_ex.o(i.HAL_UARTEx_EnableStopMode), (50 bytes).
    Removing stm32f0xx_hal_uart_ex.o(i.HAL_UARTEx_StopModeWakeUpSourceConfig), (148 bytes).
    Removing stm32f0xx_hal_uart_ex.o(i.UARTEx_Wakeup_AddressConfig), (42 bytes).
    Removing system_stm32f0xx.o(.rev16_text), (4 bytes).
    Removing system_stm32f0xx.o(.revsh_text), (4 bytes).
    Removing system_stm32f0xx.o(i.SystemCoreClockUpdate), (208 bytes).

468 unused section(s) (total 44988 bytes) removed from the image.

==============================================================================

Image Symbol Table

    Local Symbols

    Symbol Name                              Value     Ov Type        Size  Object(Section)

    ../Drivers/STM32F0xx_HAL_Driver/Src/stm32f0xx_hal.c 0x00000000   Number         0  stm32f0xx_hal.o ABSOLUTE
    ../Drivers/STM32F0xx_HAL_Driver/Src/stm32f0xx_hal_adc.c 0x00000000   Number         0  stm32f0xx_hal_adc.o ABSOLUTE
    ../Drivers/STM32F0xx_HAL_Driver/Src/stm32f0xx_hal_adc_ex.c 0x00000000   Number         0  stm32f0xx_hal_adc_ex.o ABSOLUTE
    ../Drivers/STM32F0xx_HAL_Driver/Src/stm32f0xx_hal_cortex.c 0x00000000   Number         0  stm32f0xx_hal_cortex.o ABSOLUTE
    ../Drivers/STM32F0xx_HAL_Driver/Src/stm32f0xx_hal_dma.c 0x00000000   Number         0  stm32f0xx_hal_dma.o ABSOLUTE
    ../Drivers/STM32F0xx_HAL_Driver/Src/stm32f0xx_hal_exti.c 0x00000000   Number         0  stm32f0xx_hal_exti.o ABSOLUTE
    ../Drivers/STM32F0xx_HAL_Driver/Src/stm32f0xx_hal_flash.c 0x00000000   Number         0  stm32f0xx_hal_flash.o ABSOLUTE
    ../Drivers/STM32F0xx_HAL_Driver/Src/stm32f0xx_hal_flash_ex.c 0x00000000   Number         0  stm32f0xx_hal_flash_ex.o ABSOLUTE
    ../Drivers/STM32F0xx_HAL_Driver/Src/stm32f0xx_hal_gpio.c 0x00000000   Number         0  stm32f0xx_hal_gpio.o ABSOLUTE
    ../Drivers/STM32F0xx_HAL_Driver/Src/stm32f0xx_hal_i2c.c 0x00000000   Number         0  stm32f0xx_hal_i2c.o ABSOLUTE
    ../Drivers/STM32F0xx_HAL_Driver/Src/stm32f0xx_hal_i2c_ex.c 0x00000000   Number         0  stm32f0xx_hal_i2c_ex.o ABSOLUTE
    ../Drivers/STM32F0xx_HAL_Driver/Src/stm32f0xx_hal_pwr.c 0x00000000   Number         0  stm32f0xx_hal_pwr.o ABSOLUTE
    ../Drivers/STM32F0xx_HAL_Driver/Src/stm32f0xx_hal_pwr_ex.c 0x00000000   Number         0  stm32f0xx_hal_pwr_ex.o ABSOLUTE
    ../Drivers/STM32F0xx_HAL_Driver/Src/stm32f0xx_hal_rcc.c 0x00000000   Number         0  stm32f0xx_hal_rcc.o ABSOLUTE
    ../Drivers/STM32F0xx_HAL_Driver/Src/stm32f0xx_hal_rcc_ex.c 0x00000000   Number         0  stm32f0xx_hal_rcc_ex.o ABSOLUTE
    ../Drivers/STM32F0xx_HAL_Driver/Src/stm32f0xx_hal_tim.c 0x00000000   Number         0  stm32f0xx_hal_tim.o ABSOLUTE
    ../Drivers/STM32F0xx_HAL_Driver/Src/stm32f0xx_hal_tim_ex.c 0x00000000   Number         0  stm32f0xx_hal_tim_ex.o ABSOLUTE
    ../Drivers/STM32F0xx_HAL_Driver/Src/stm32f0xx_hal_uart.c 0x00000000   Number         0  stm32f0xx_hal_uart.o ABSOLUTE
    ../Drivers/STM32F0xx_HAL_Driver/Src/stm32f0xx_hal_uart_ex.c 0x00000000   Number         0  stm32f0xx_hal_uart_ex.o ABSOLUTE
    ../Src/main.c                            0x00000000   Number         0  main.o ABSOLUTE
    ../Src/stm32f0xx_hal_msp.c               0x00000000   Number         0  stm32f0xx_hal_msp.o ABSOLUTE
    ../Src/stm32f0xx_it.c                    0x00000000   Number         0  stm32f0xx_it.o ABSOLUTE
    ../Src/system_stm32f0xx.c                0x00000000   Number         0  system_stm32f0xx.o ABSOLUTE
    ../clib/microlib/division.c              0x00000000   Number         0  uidiv.o ABSOLUTE
    ../clib/microlib/division.c              0x00000000   Number         0  idiv.o ABSOLUTE
    ../clib/microlib/division.c              0x00000000   Number         0  uldiv.o ABSOLUTE
    ../clib/microlib/init/entry.s            0x00000000   Number         0  entry7a.o ABSOLUTE
    ../clib/microlib/init/entry.s            0x00000000   Number         0  entry10b.o ABSOLUTE
    ../clib/microlib/init/entry.s            0x00000000   Number         0  entry10a.o ABSOLUTE
    ../clib/microlib/init/entry.s            0x00000000   Number         0  entry11b.o ABSOLUTE
    ../clib/microlib/init/entry.s            0x00000000   Number         0  entry9b.o ABSOLUTE
    ../clib/microlib/init/entry.s            0x00000000   Number         0  entry9a.o ABSOLUTE
    ../clib/microlib/init/entry.s            0x00000000   Number         0  entry5.o ABSOLUTE
    ../clib/microlib/init/entry.s            0x00000000   Number         0  entry8a.o ABSOLUTE
    ../clib/microlib/init/entry.s            0x00000000   Number         0  entry7b.o ABSOLUTE
    ../clib/microlib/init/entry.s            0x00000000   Number         0  entry2.o ABSOLUTE
    ../clib/microlib/init/entry.s            0x00000000   Number         0  entry11a.o ABSOLUTE
    ../clib/microlib/init/entry.s            0x00000000   Number         0  entry.o ABSOLUTE
    ../clib/microlib/init/entry.s            0x00000000   Number         0  entry8b.o ABSOLUTE
    ../clib/microlib/longlong.c              0x00000000   Number         0  llushr.o ABSOLUTE
    ../clib/microlib/longlong.c              0x00000000   Number         0  llshl.o ABSOLUTE
    ../clib/microlib/longlong.c              0x00000000   Number         0  llsshr.o ABSOLUTE
    ../clib/microlib/string/memset.c         0x00000000   Number         0  memseta.o ABSOLUTE
    ../clib/microlib/stubs.s                 0x00000000   Number         0  iusefp.o ABSOLUTE
    ../fplib/microlib/d2f.c                  0x00000000   Number         0  d2f.o ABSOLUTE
    ../fplib/microlib/fpadd.c                0x00000000   Number         0  dadd.o ABSOLUTE
    ../fplib/microlib/fpdiv.c                0x00000000   Number         0  ddiv.o ABSOLUTE
    ../fplib/microlib/fpepilogue.c           0x00000000   Number         0  fepilogue.o ABSOLUTE
    ../fplib/microlib/fpepilogue.c           0x00000000   Number         0  depilogue.o ABSOLUTE
    ../fplib/microlib/fpfix.c                0x00000000   Number         0  dfixui.o ABSOLUTE
    ../fplib/microlib/fpfix.c                0x00000000   Number         0  ffixi.o ABSOLUTE
    ../fplib/microlib/fpflt.c                0x00000000   Number         0  dfltui.o ABSOLUTE
    ../fplib/microlib/fpmul.c                0x00000000   Number         0  dmul.o ABSOLUTE
    ..\Drivers\STM32F0xx_HAL_Driver\Src\stm32f0xx_hal.c 0x00000000   Number         0  stm32f0xx_hal.o ABSOLUTE
    ..\Drivers\STM32F0xx_HAL_Driver\Src\stm32f0xx_hal_adc.c 0x00000000   Number         0  stm32f0xx_hal_adc.o ABSOLUTE
    ..\Drivers\STM32F0xx_HAL_Driver\Src\stm32f0xx_hal_adc_ex.c 0x00000000   Number         0  stm32f0xx_hal_adc_ex.o ABSOLUTE
    ..\Drivers\STM32F0xx_HAL_Driver\Src\stm32f0xx_hal_cortex.c 0x00000000   Number         0  stm32f0xx_hal_cortex.o ABSOLUTE
    ..\Drivers\STM32F0xx_HAL_Driver\Src\stm32f0xx_hal_dma.c 0x00000000   Number         0  stm32f0xx_hal_dma.o ABSOLUTE
    ..\Drivers\STM32F0xx_HAL_Driver\Src\stm32f0xx_hal_exti.c 0x00000000   Number         0  stm32f0xx_hal_exti.o ABSOLUTE
    ..\Drivers\STM32F0xx_HAL_Driver\Src\stm32f0xx_hal_flash.c 0x00000000   Number         0  stm32f0xx_hal_flash.o ABSOLUTE
    ..\Drivers\STM32F0xx_HAL_Driver\Src\stm32f0xx_hal_flash_ex.c 0x00000000   Number         0  stm32f0xx_hal_flash_ex.o ABSOLUTE
    ..\Drivers\STM32F0xx_HAL_Driver\Src\stm32f0xx_hal_gpio.c 0x00000000   Number         0  stm32f0xx_hal_gpio.o ABSOLUTE
    ..\Drivers\STM32F0xx_HAL_Driver\Src\stm32f0xx_hal_i2c.c 0x00000000   Number         0  stm32f0xx_hal_i2c.o ABSOLUTE
    ..\Drivers\STM32F0xx_HAL_Driver\Src\stm32f0xx_hal_i2c_ex.c 0x00000000   Number         0  stm32f0xx_hal_i2c_ex.o ABSOLUTE
    ..\Drivers\STM32F0xx_HAL_Driver\Src\stm32f0xx_hal_pwr.c 0x00000000   Number         0  stm32f0xx_hal_pwr.o ABSOLUTE
    ..\Drivers\STM32F0xx_HAL_Driver\Src\stm32f0xx_hal_pwr_ex.c 0x00000000   Number         0  stm32f0xx_hal_pwr_ex.o ABSOLUTE
    ..\Drivers\STM32F0xx_HAL_Driver\Src\stm32f0xx_hal_rcc.c 0x00000000   Number         0  stm32f0xx_hal_rcc.o ABSOLUTE
    ..\Drivers\STM32F0xx_HAL_Driver\Src\stm32f0xx_hal_rcc_ex.c 0x00000000   Number         0  stm32f0xx_hal_rcc_ex.o ABSOLUTE
    ..\Drivers\STM32F0xx_HAL_Driver\Src\stm32f0xx_hal_tim.c 0x00000000   Number         0  stm32f0xx_hal_tim.o ABSOLUTE
    ..\Drivers\STM32F0xx_HAL_Driver\Src\stm32f0xx_hal_tim_ex.c 0x00000000   Number         0  stm32f0xx_hal_tim_ex.o ABSOLUTE
    ..\Drivers\STM32F0xx_HAL_Driver\Src\stm32f0xx_hal_uart.c 0x00000000   Number         0  stm32f0xx_hal_uart.o ABSOLUTE
    ..\Drivers\STM32F0xx_HAL_Driver\Src\stm32f0xx_hal_uart_ex.c 0x00000000   Number         0  stm32f0xx_hal_uart_ex.o ABSOLUTE
    ..\Src\main.c                            0x00000000   Number         0  main.o ABSOLUTE
    ..\Src\stm32f0xx_hal_msp.c               0x00000000   Number         0  stm32f0xx_hal_msp.o ABSOLUTE
    ..\Src\stm32f0xx_it.c                    0x00000000   Number         0  stm32f0xx_it.o ABSOLUTE
    ..\Src\system_stm32f0xx.c                0x00000000   Number         0  system_stm32f0xx.o ABSOLUTE
    dc.s                                     0x00000000   Number         0  dc.o ABSOLUTE
    handlers.s                               0x00000000   Number         0  handlers.o ABSOLUTE
    init.s                                   0x00000000   Number         0  init.o ABSOLUTE
    startup_stm32f072xb.s                    0x00000000   Number         0  startup_stm32f072xb.o ABSOLUTE
    RESET                                    0x08000000   Section      192  startup_stm32f072xb.o(RESET)
    .ARM.Collect$$$$00000000                 0x080000c0   Section        0  entry.o(.ARM.Collect$$$$00000000)
    .ARM.Collect$$$$00000001                 0x080000c0   Section        4  entry2.o(.ARM.Collect$$$$00000001)
    .ARM.Collect$$$$00000004                 0x080000c4   Section        4  entry5.o(.ARM.Collect$$$$00000004)
    .ARM.Collect$$$$00000008                 0x080000c8   Section        0  entry7b.o(.ARM.Collect$$$$00000008)
    .ARM.Collect$$$$0000000A                 0x080000c8   Section        0  entry8b.o(.ARM.Collect$$$$0000000A)
    .ARM.Collect$$$$0000000B                 0x080000c8   Section        8  entry9a.o(.ARM.Collect$$$$0000000B)
    .ARM.Collect$$$$0000000D                 0x080000d0   Section        0  entry10a.o(.ARM.Collect$$$$0000000D)
    .ARM.Collect$$$$0000000F                 0x080000d0   Section        0  entry11a.o(.ARM.Collect$$$$0000000F)
    .ARM.Collect$$$$00002712                 0x080000d0   Section        4  entry2.o(.ARM.Collect$$$$00002712)
    __lit__00000000                          0x080000d0   Data           4  entry2.o(.ARM.Collect$$$$00002712)
    .text                                    0x080000d4   Section       28  startup_stm32f072xb.o(.text)
    .text                                    0x080000f0   Section        0  uidiv.o(.text)
    .text                                    0x0800011c   Section        0  idiv.o(.text)
    .text                                    0x08000144   Section        0  uldiv.o(.text)
    .text                                    0x080001a4   Section        0  llushr.o(.text)
    .text                                    0x080001c6   Section        0  memseta.o(.text)
    .text                                    0x080001ec   Section        0  dadd.o(.text)
    .text                                    0x08000350   Section        0  dmul.o(.text)
    .text                                    0x08000420   Section        0  ddiv.o(.text)
    .text                                    0x08000510   Section        0  dfltui.o(.text)
    .text                                    0x0800052c   Section        0  ffixi.o(.text)
    .text                                    0x08000560   Section        0  dfixui.o(.text)
    .text                                    0x0800059c   Section        0  d2f.o(.text)
    .text                                    0x080005d4   Section        0  llshl.o(.text)
    .text                                    0x080005f4   Section        0  llsshr.o(.text)
    .text                                    0x0800061a   Section        0  fepilogue.o(.text)
    .text                                    0x0800061a   Section        0  iusefp.o(.text)
    .text                                    0x0800069c   Section        0  depilogue.o(.text)
    .text                                    0x0800075c   Section       36  init.o(.text)
    i.ADC1_COMP_IRQHandler                   0x08000780   Section        0  stm32f0xx_it.o(i.ADC1_COMP_IRQHandler)
    i.Error_Handler                          0x080008c8   Section        0  main.o(i.Error_Handler)
    i.HAL_ADC_ConfigChannel                  0x080008cc   Section        0  stm32f0xx_hal_adc.o(i.HAL_ADC_ConfigChannel)
    i.HAL_ADC_ConvCpltCallback               0x08000a78   Section        0  stm32f0xx_hal_adc.o(i.HAL_ADC_ConvCpltCallback)
    i.HAL_ADC_ErrorCallback                  0x08000a7a   Section        0  stm32f0xx_hal_adc.o(i.HAL_ADC_ErrorCallback)
    i.HAL_ADC_IRQHandler                     0x08000a7c   Section        0  stm32f0xx_hal_adc.o(i.HAL_ADC_IRQHandler)
    i.HAL_ADC_Init                           0x08000b94   Section        0  stm32f0xx_hal_adc.o(i.HAL_ADC_Init)
    i.HAL_ADC_LevelOutOfWindowCallback       0x08000d58   Section        0  stm32f0xx_hal_adc.o(i.HAL_ADC_LevelOutOfWindowCallback)
    i.HAL_ADC_MspInit                        0x08000d5c   Section        0  stm32f0xx_hal_msp.o(i.HAL_ADC_MspInit)
    i.HAL_DMA_Abort_IT                       0x08000de0   Section        0  stm32f0xx_hal_dma.o(i.HAL_DMA_Abort_IT)
    i.HAL_GPIO_Init                          0x08000e38   Section        0  stm32f0xx_hal_gpio.o(i.HAL_GPIO_Init)
    i.HAL_GPIO_WritePin                      0x08001030   Section        0  stm32f0xx_hal_gpio.o(i.HAL_GPIO_WritePin)
    i.HAL_GetTick                            0x0800103c   Section        0  stm32f0xx_hal.o(i.HAL_GetTick)
    i.HAL_I2CEx_ConfigAnalogFilter           0x08001048   Section        0  stm32f0xx_hal_i2c_ex.o(i.HAL_I2CEx_ConfigAnalogFilter)
    i.HAL_I2CEx_ConfigDigitalFilter          0x080010b6   Section        0  stm32f0xx_hal_i2c_ex.o(i.HAL_I2CEx_ConfigDigitalFilter)
    i.HAL_I2C_AbortCpltCallback              0x08001126   Section        0  stm32f0xx_hal_i2c.o(i.HAL_I2C_AbortCpltCallback)
    i.HAL_I2C_AddrCallback                   0x08001128   Section        0  stm32f0xx_hal_i2c.o(i.HAL_I2C_AddrCallback)
    i.HAL_I2C_ER_IRQHandler                  0x0800112a   Section        0  stm32f0xx_hal_i2c.o(i.HAL_I2C_ER_IRQHandler)
    i.HAL_I2C_EV_IRQHandler                  0x080011b6   Section        0  stm32f0xx_hal_i2c.o(i.HAL_I2C_EV_IRQHandler)
    i.HAL_I2C_ErrorCallback                  0x080011d4   Section        0  stm32f0xx_hal_i2c.o(i.HAL_I2C_ErrorCallback)
    i.HAL_I2C_Init                           0x080011d8   Section        0  stm32f0xx_hal_i2c.o(i.HAL_I2C_Init)
    i.HAL_I2C_ListenCpltCallback             0x080012ac   Section        0  stm32f0xx_hal_i2c.o(i.HAL_I2C_ListenCpltCallback)
    i.HAL_I2C_MspInit                        0x080012b0   Section        0  stm32f0xx_hal_msp.o(i.HAL_I2C_MspInit)
    i.HAL_I2C_SlaveRxCpltCallback            0x08001344   Section        0  stm32f0xx_hal_i2c.o(i.HAL_I2C_SlaveRxCpltCallback)
    i.HAL_I2C_SlaveTxCpltCallback            0x08001346   Section        0  stm32f0xx_hal_i2c.o(i.HAL_I2C_SlaveTxCpltCallback)
    i.HAL_IncTick                            0x08001348   Section        0  stm32f0xx_hal.o(i.HAL_IncTick)
    i.HAL_Init                               0x08001360   Section        0  stm32f0xx_hal.o(i.HAL_Init)
    i.HAL_InitTick                           0x08001380   Section        0  stm32f0xx_hal.o(i.HAL_InitTick)
    i.HAL_MspInit                            0x080013d4   Section        0  stm32f0xx_hal_msp.o(i.HAL_MspInit)
    i.HAL_NVIC_EnableIRQ                     0x08001414   Section        0  stm32f0xx_hal_cortex.o(i.HAL_NVIC_EnableIRQ)
    i.HAL_NVIC_SetPriority                   0x08001430   Section        0  stm32f0xx_hal_cortex.o(i.HAL_NVIC_SetPriority)
    i.HAL_RCCEx_PeriphCLKConfig              0x08001444   Section        0  stm32f0xx_hal_rcc_ex.o(i.HAL_RCCEx_PeriphCLKConfig)
    i.HAL_RCC_ClockConfig                    0x080015e8   Section        0  stm32f0xx_hal_rcc.o(i.HAL_RCC_ClockConfig)
    i.HAL_RCC_GetHCLKFreq                    0x0800176c   Section        0  stm32f0xx_hal_rcc.o(i.HAL_RCC_GetHCLKFreq)
    i.HAL_RCC_GetPCLK1Freq                   0x08001778   Section        0  stm32f0xx_hal_rcc.o(i.HAL_RCC_GetPCLK1Freq)
    i.HAL_RCC_GetSysClockFreq                0x0800179c   Section        0  stm32f0xx_hal_rcc.o(i.HAL_RCC_GetSysClockFreq)
    i.HAL_RCC_OscConfig                      0x080018a4   Section        0  stm32f0xx_hal_rcc.o(i.HAL_RCC_OscConfig)
    i.HAL_SYSTICK_Config                     0x08001ee0   Section        0  stm32f0xx_hal_cortex.o(i.HAL_SYSTICK_Config)
    i.HAL_TIMEx_BreakCallback                0x08001f18   Section        0  stm32f0xx_hal_tim_ex.o(i.HAL_TIMEx_BreakCallback)
    i.HAL_TIMEx_CommutCallback               0x08001f1a   Section        0  stm32f0xx_hal_tim_ex.o(i.HAL_TIMEx_CommutCallback)
    i.HAL_TIMEx_MasterConfigSynchronization  0x08001f1c   Section        0  stm32f0xx_hal_tim_ex.o(i.HAL_TIMEx_MasterConfigSynchronization)
    i.HAL_TIM_Base_Init                      0x08001fa8   Section        0  stm32f0xx_hal_tim.o(i.HAL_TIM_Base_Init)
    i.HAL_TIM_Base_MspInit                   0x08001fe0   Section        0  stm32f0xx_hal_msp.o(i.HAL_TIM_Base_MspInit)
    i.HAL_TIM_IC_CaptureCallback             0x08002024   Section        0  stm32f0xx_hal_tim.o(i.HAL_TIM_IC_CaptureCallback)
    i.HAL_TIM_IRQHandler                     0x08002026   Section        0  stm32f0xx_hal_tim.o(i.HAL_TIM_IRQHandler)
    i.HAL_TIM_OC_DelayElapsedCallback        0x080021ee   Section        0  stm32f0xx_hal_tim.o(i.HAL_TIM_OC_DelayElapsedCallback)
    i.HAL_TIM_PWM_PulseFinishedCallback      0x080021f0   Section        0  stm32f0xx_hal_tim.o(i.HAL_TIM_PWM_PulseFinishedCallback)
    i.HAL_TIM_PeriodElapsedCallback          0x080021f2   Section        0  stm32f0xx_hal_tim.o(i.HAL_TIM_PeriodElapsedCallback)
    i.HAL_TIM_TriggerCallback                0x080021f4   Section        0  stm32f0xx_hal_tim.o(i.HAL_TIM_TriggerCallback)
    i.HAL_UARTEx_WakeupCallback              0x080021f6   Section        0  stm32f0xx_hal_uart_ex.o(i.HAL_UARTEx_WakeupCallback)
    i.HAL_UART_ErrorCallback                 0x080021f8   Section        0  stm32f0xx_hal_uart.o(i.HAL_UART_ErrorCallback)
    i.HAL_UART_IRQHandler                    0x080021fc   Section        0  stm32f0xx_hal_uart.o(i.HAL_UART_IRQHandler)
    i.HAL_UART_Init                          0x080023f0   Section        0  stm32f0xx_hal_uart.o(i.HAL_UART_Init)
    i.HAL_UART_MspInit                       0x08002470   Section        0  stm32f0xx_hal_msp.o(i.HAL_UART_MspInit)
    i.HAL_UART_TxCpltCallback                0x080024fc   Section        0  stm32f0xx_hal_uart.o(i.HAL_UART_TxCpltCallback)
    i.HardFault_Handler                      0x080024fe   Section        0  stm32f0xx_it.o(i.HardFault_Handler)
    i.I2C1_IRQHandler                        0x08002504   Section        0  stm32f0xx_it.o(i.I2C1_IRQHandler)
    i.I2C_DMAAbort                           0x0800298c   Section        0  stm32f0xx_hal_i2c.o(i.I2C_DMAAbort)
    I2C_DMAAbort                             0x0800298d   Thumb Code    46  stm32f0xx_hal_i2c.o(i.I2C_DMAAbort)
    i.I2C_Disable_IRQ                        0x080029ba   Section        0  stm32f0xx_hal_i2c.o(i.I2C_Disable_IRQ)
    I2C_Disable_IRQ                          0x080029bb   Thumb Code   122  stm32f0xx_hal_i2c.o(i.I2C_Disable_IRQ)
    i.I2C_Flush_TXDR                         0x08002a34   Section        0  stm32f0xx_hal_i2c.o(i.I2C_Flush_TXDR)
    I2C_Flush_TXDR                           0x08002a35   Thumb Code    50  stm32f0xx_hal_i2c.o(i.I2C_Flush_TXDR)
    i.I2C_ITAddrCplt                         0x08002a66   Section        0  stm32f0xx_hal_i2c.o(i.I2C_ITAddrCplt)
    I2C_ITAddrCplt                           0x08002a67   Thumb Code   204  stm32f0xx_hal_i2c.o(i.I2C_ITAddrCplt)
    i.I2C_ITError                            0x08002b34   Section        0  stm32f0xx_hal_i2c.o(i.I2C_ITError)
    I2C_ITError                              0x08002b35   Thumb Code   272  stm32f0xx_hal_i2c.o(i.I2C_ITError)
    i.I2C_ITListenCplt                       0x08002c50   Section        0  stm32f0xx_hal_i2c.o(i.I2C_ITListenCplt)
    I2C_ITListenCplt                         0x08002c51   Thumb Code   112  stm32f0xx_hal_i2c.o(i.I2C_ITListenCplt)
    i.I2C_ITSlaveCplt                        0x08002cc4   Section        0  stm32f0xx_hal_i2c.o(i.I2C_ITSlaveCplt)
    I2C_ITSlaveCplt                          0x08002cc5   Thumb Code   320  stm32f0xx_hal_i2c.o(i.I2C_ITSlaveCplt)
    i.I2C_ITSlaveSeqCplt                     0x08002e0c   Section        0  stm32f0xx_hal_i2c.o(i.I2C_ITSlaveSeqCplt)
    I2C_ITSlaveSeqCplt                       0x08002e0d   Thumb Code    98  stm32f0xx_hal_i2c.o(i.I2C_ITSlaveSeqCplt)
    i.I2C_Slave_ISR_IT                       0x08002e70   Section        0  stm32f0xx_hal_i2c.o(i.I2C_Slave_ISR_IT)
    I2C_Slave_ISR_IT                         0x08002e71   Thumb Code   376  stm32f0xx_hal_i2c.o(i.I2C_Slave_ISR_IT)
    i.MX_ADC_Init                            0x08002fec   Section        0  main.o(i.MX_ADC_Init)
    MX_ADC_Init                              0x08002fed   Thumb Code   130  main.o(i.MX_ADC_Init)
    i.MX_GPIO_Init                           0x08003078   Section        0  main.o(i.MX_GPIO_Init)
    MX_GPIO_Init                             0x08003079   Thumb Code   212  main.o(i.MX_GPIO_Init)
    i.MX_I2C1_Init                           0x08003158   Section        0  main.o(i.MX_I2C1_Init)
    MX_I2C1_Init                             0x08003159   Thumb Code    80  main.o(i.MX_I2C1_Init)
    i.MX_TIM7_Init                           0x080031b4   Section        0  main.o(i.MX_TIM7_Init)
    MX_TIM7_Init                             0x080031b5   Thumb Code    68  main.o(i.MX_TIM7_Init)
    i.MX_USART2_UART_Init                    0x08003204   Section        0  main.o(i.MX_USART2_UART_Init)
    MX_USART2_UART_Init                      0x08003205   Thumb Code    58  main.o(i.MX_USART2_UART_Init)
    i.NMI_Handler                            0x08003248   Section        0  stm32f0xx_it.o(i.NMI_Handler)
    i.PendSV_Handler                         0x0800324a   Section        0  stm32f0xx_it.o(i.PendSV_Handler)
    i.SVC_Handler                            0x0800324c   Section        0  stm32f0xx_it.o(i.SVC_Handler)
    i.SysTick_Handler                        0x0800324e   Section        0  stm32f0xx_it.o(i.SysTick_Handler)
    i.SystemClock_Config                     0x08003256   Section        0  main.o(i.SystemClock_Config)
    i.SystemInit                             0x080032d2   Section        0  system_stm32f0xx.o(i.SystemInit)
    i.TIM7_IRQHandler                        0x080032d4   Section        0  stm32f0xx_it.o(i.TIM7_IRQHandler)
    i.TIM_Base_SetConfig                     0x08003320   Section        0  stm32f0xx_hal_tim.o(i.TIM_Base_SetConfig)
    i.UART_AdvFeatureConfig                  0x080033d0   Section        0  stm32f0xx_hal_uart.o(i.UART_AdvFeatureConfig)
    i.UART_CheckIdleState                    0x080034c0   Section        0  stm32f0xx_hal_uart.o(i.UART_CheckIdleState)
    i.UART_DMAAbortOnError                   0x08003530   Section        0  stm32f0xx_hal_uart.o(i.UART_DMAAbortOnError)
    UART_DMAAbortOnError                     0x08003531   Thumb Code    24  stm32f0xx_hal_uart.o(i.UART_DMAAbortOnError)
    i.UART_EndRxTransfer                     0x08003548   Section        0  stm32f0xx_hal_uart.o(i.UART_EndRxTransfer)
    UART_EndRxTransfer                       0x08003549   Thumb Code    36  stm32f0xx_hal_uart.o(i.UART_EndRxTransfer)
    i.UART_EndTransmit_IT                    0x0800356c   Section        0  stm32f0xx_hal_uart.o(i.UART_EndTransmit_IT)
    UART_EndTransmit_IT                      0x0800356d   Thumb Code    32  stm32f0xx_hal_uart.o(i.UART_EndTransmit_IT)
    i.UART_SetConfig                         0x0800358c   Section        0  stm32f0xx_hal_uart.o(i.UART_SetConfig)
    i.UART_WaitOnFlagUntilTimeout            0x080037c0   Section        0  stm32f0xx_hal_uart.o(i.UART_WaitOnFlagUntilTimeout)
    i.USART2_IRQHandler                      0x0800387c   Section        0  stm32f0xx_it.o(i.USART2_IRQHandler)
    i.__ARM_clz                              0x080038c8   Section        0  depilogue.o(i.__ARM_clz)
    i.__ARM_common_ll_muluu                  0x080038f6   Section        0  stm32f0xx_hal_rcc.o(i.__ARM_common_ll_muluu)
    i.__ARM_common_switch8                   0x08003926   Section        0  stm32f0xx_it.o(i.__ARM_common_switch8)
    i.__NVIC_SetPriority                     0x08003944   Section        0  stm32f0xx_hal_cortex.o(i.__NVIC_SetPriority)
    __NVIC_SetPriority                       0x08003945   Thumb Code   110  stm32f0xx_hal_cortex.o(i.__NVIC_SetPriority)
    i.__scatterload_copy                     0x080039bc   Section       14  handlers.o(i.__scatterload_copy)
    i.__scatterload_null                     0x080039ca   Section        2  handlers.o(i.__scatterload_null)
    i.__scatterload_zeroinit                 0x080039cc   Section       14  handlers.o(i.__scatterload_zeroinit)
    i.led                                    0x080039dc   Section        0  stm32f0xx_it.o(i.led)
    i.main                                   0x08003a5c   Section        0  main.o(i.main)
    i.scelta                                 0x08003be8   Section        0  stm32f0xx_it.o(i.scelta)
    i.wait_tim                               0x08003c20   Section        0  main.o(i.wait_tim)
    .constdata                               0x08003c58   Section       24  system_stm32f0xx.o(.constdata)
    .data                                    0x20000000   Section       48  main.o(.data)
    .data                                    0x20000030   Section       40  stm32f0xx_it.o(.data)
    .data                                    0x20000058   Section        9  stm32f0xx_hal.o(.data)
    .data                                    0x20000064   Section        4  system_stm32f0xx.o(.data)
    .bss                                     0x20000068   Section      332  main.o(.bss)
    .bss                                     0x200001b4   Section       28  stm32f0xx_it.o(.bss)
    STACK                                    0x200001d0   Section     1024  startup_stm32f072xb.o(STACK)

    Global Symbols

    Symbol Name                              Value     Ov Type        Size  Object(Section)

    BuildAttributes$$THM_ISAv3M$S$PE$A:L22$X:L11$S22$IEEE1$IW$USESV6$~STKCKD$USESV7$~SHL$OTIME$ROPI$EBA8$MICROLIB$REQ8$PRES8$EABIv2 0x00000000   Number         0  anon$$obj.o ABSOLUTE
    __ARM_use_no_argv                        0x00000000   Number         0  main.o ABSOLUTE
    __cpp_initialize__aeabi_                  - Undefined Weak Reference
    __cxa_finalize                            - Undefined Weak Reference
    __decompress                              - Undefined Weak Reference
    _clock_init                               - Undefined Weak Reference
    _microlib_exit                            - Undefined Weak Reference
    __Vectors_Size                           0x000000c0   Number         0  startup_stm32f072xb.o ABSOLUTE
    __Vectors                                0x08000000   Data           4  startup_stm32f072xb.o(RESET)
    __Vectors_End                            0x080000c0   Data           0  startup_stm32f072xb.o(RESET)
    __main                                   0x080000c1   Thumb Code     0  entry.o(.ARM.Collect$$$$00000000)
    _main_stk                                0x080000c1   Thumb Code     0  entry2.o(.ARM.Collect$$$$00000001)
    _main_scatterload                        0x080000c5   Thumb Code     0  entry5.o(.ARM.Collect$$$$00000004)
    __main_after_scatterload                 0x080000c9   Thumb Code     0  entry5.o(.ARM.Collect$$$$00000004)
    _main_clock                              0x080000c9   Thumb Code     0  entry7b.o(.ARM.Collect$$$$00000008)
    _main_cpp_init                           0x080000c9   Thumb Code     0  entry8b.o(.ARM.Collect$$$$0000000A)
    _main_init                               0x080000c9   Thumb Code     0  entry9a.o(.ARM.Collect$$$$0000000B)
    __rt_final_cpp                           0x080000d1   Thumb Code     0  entry10a.o(.ARM.Collect$$$$0000000D)
    __rt_final_exit                          0x080000d1   Thumb Code     0  entry11a.o(.ARM.Collect$$$$0000000F)
    Reset_Handler                            0x080000d5   Thumb Code     8  startup_stm32f072xb.o(.text)
    CEC_CAN_IRQHandler                       0x080000e7   Thumb Code     0  startup_stm32f072xb.o(.text)
    DMA1_Channel1_IRQHandler                 0x080000e7   Thumb Code     0  startup_stm32f072xb.o(.text)
    DMA1_Channel2_3_IRQHandler               0x080000e7   Thumb Code     0  startup_stm32f072xb.o(.text)
    DMA1_Channel4_5_6_7_IRQHandler           0x080000e7   Thumb Code     0  startup_stm32f072xb.o(.text)
    EXTI0_1_IRQHandler                       0x080000e7   Thumb Code     0  startup_stm32f072xb.o(.text)
    EXTI2_3_IRQHandler                       0x080000e7   Thumb Code     0  startup_stm32f072xb.o(.text)
    EXTI4_15_IRQHandler                      0x080000e7   Thumb Code     0  startup_stm32f072xb.o(.text)
    FLASH_IRQHandler                         0x080000e7   Thumb Code     0  startup_stm32f072xb.o(.text)
    I2C2_IRQHandler                          0x080000e7   Thumb Code     0  startup_stm32f072xb.o(.text)
    PVD_VDDIO2_IRQHandler                    0x080000e7   Thumb Code     0  startup_stm32f072xb.o(.text)
    RCC_CRS_IRQHandler                       0x080000e7   Thumb Code     0  startup_stm32f072xb.o(.text)
    RTC_IRQHandler                           0x080000e7   Thumb Code     0  startup_stm32f072xb.o(.text)
    SPI1_IRQHandler                          0x080000e7   Thumb Code     0  startup_stm32f072xb.o(.text)
    SPI2_IRQHandler                          0x080000e7   Thumb Code     0  startup_stm32f072xb.o(.text)
    TIM14_IRQHandler                         0x080000e7   Thumb Code     0  startup_stm32f072xb.o(.text)
    TIM15_IRQHandler                         0x080000e7   Thumb Code     0  startup_stm32f072xb.o(.text)
    TIM16_IRQHandler                         0x080000e7   Thumb Code     0  startup_stm32f072xb.o(.text)
    TIM17_IRQHandler                         0x080000e7   Thumb Code     0  startup_stm32f072xb.o(.text)
    TIM1_BRK_UP_TRG_COM_IRQHandler           0x080000e7   Thumb Code     0  startup_stm32f072xb.o(.text)
    TIM1_CC_IRQHandler                       0x080000e7   Thumb Code     0  startup_stm32f072xb.o(.text)
    TIM2_IRQHandler                          0x080000e7   Thumb Code     0  startup_stm32f072xb.o(.text)
    TIM3_IRQHandler                          0x080000e7   Thumb Code     0  startup_stm32f072xb.o(.text)
    TIM6_DAC_IRQHandler                      0x080000e7   Thumb Code     0  startup_stm32f072xb.o(.text)
    TSC_IRQHandler                           0x080000e7   Thumb Code     0  startup_stm32f072xb.o(.text)
    USART1_IRQHandler                        0x080000e7   Thumb Code     0  startup_stm32f072xb.o(.text)
    USART3_4_IRQHandler                      0x080000e7   Thumb Code     0  startup_stm32f072xb.o(.text)
    USB_IRQHandler                           0x080000e7   Thumb Code     0  startup_stm32f072xb.o(.text)
    WWDG_IRQHandler                          0x080000e7   Thumb Code     0  startup_stm32f072xb.o(.text)
    __aeabi_uidiv                            0x080000f1   Thumb Code     0  uidiv.o(.text)
    __aeabi_uidivmod                         0x080000f1   Thumb Code    44  uidiv.o(.text)
    __aeabi_idiv                             0x0800011d   Thumb Code     0  idiv.o(.text)
    __aeabi_idivmod                          0x0800011d   Thumb Code    40  idiv.o(.text)
    __aeabi_uldivmod                         0x08000145   Thumb Code    96  uldiv.o(.text)
    __aeabi_llsr                             0x080001a5   Thumb Code    34  llushr.o(.text)
    _ll_ushift_r                             0x080001a5   Thumb Code     0  llushr.o(.text)
    __aeabi_memset                           0x080001c7   Thumb Code    14  memseta.o(.text)
    __aeabi_memset4                          0x080001c7   Thumb Code     0  memseta.o(.text)
    __aeabi_memset8                          0x080001c7   Thumb Code     0  memseta.o(.text)
    __aeabi_memclr                           0x080001d5   Thumb Code     4  memseta.o(.text)
    __aeabi_memclr4                          0x080001d5   Thumb Code     0  memseta.o(.text)
    __aeabi_memclr8                          0x080001d5   Thumb Code     0  memseta.o(.text)
    _memset$wrapper                          0x080001d9   Thumb Code    18  memseta.o(.text)
    __aeabi_dadd                             0x080001ed   Thumb Code   328  dadd.o(.text)
    __aeabi_dsub                             0x08000335   Thumb Code    12  dadd.o(.text)
    __aeabi_drsub                            0x08000341   Thumb Code    12  dadd.o(.text)
    __aeabi_dmul                             0x08000351   Thumb Code   202  dmul.o(.text)
    __aeabi_ddiv                             0x08000421   Thumb Code   234  ddiv.o(.text)
    __aeabi_ui2d                             0x08000511   Thumb Code    24  dfltui.o(.text)
    __aeabi_f2iz                             0x0800052d   Thumb Code    50  ffixi.o(.text)
    __aeabi_d2uiz                            0x08000561   Thumb Code    50  dfixui.o(.text)
    __aeabi_d2f                              0x0800059d   Thumb Code    56  d2f.o(.text)
    __aeabi_llsl                             0x080005d5   Thumb Code    32  llshl.o(.text)
    _ll_shift_l                              0x080005d5   Thumb Code     0  llshl.o(.text)
    __aeabi_lasr                             0x080005f5   Thumb Code    38  llsshr.o(.text)
    _ll_sshift_r                             0x080005f5   Thumb Code     0  llsshr.o(.text)
    __I$use$fp                               0x0800061b   Thumb Code     0  iusefp.o(.text)
    _float_round                             0x0800061b   Thumb Code    16  fepilogue.o(.text)
    _float_epilogue                          0x0800062b   Thumb Code   114  fepilogue.o(.text)
    _double_round                            0x0800069d   Thumb Code    26  depilogue.o(.text)
    _double_epilogue                         0x080006b7   Thumb Code   164  depilogue.o(.text)
    __scatterload                            0x0800075d   Thumb Code    28  init.o(.text)
    __scatterload_rt2                        0x0800075d   Thumb Code     0  init.o(.text)
    ADC1_COMP_IRQHandler                     0x08000781   Thumb Code   284  stm32f0xx_it.o(i.ADC1_COMP_IRQHandler)
    Error_Handler                            0x080008c9   Thumb Code     2  main.o(i.Error_Handler)
    HAL_ADC_ConfigChannel                    0x080008cd   Thumb Code   412  stm32f0xx_hal_adc.o(i.HAL_ADC_ConfigChannel)
    HAL_ADC_ConvCpltCallback                 0x08000a79   Thumb Code     2  stm32f0xx_hal_adc.o(i.HAL_ADC_ConvCpltCallback)
    HAL_ADC_ErrorCallback                    0x08000a7b   Thumb Code     2  stm32f0xx_hal_adc.o(i.HAL_ADC_ErrorCallback)
    HAL_ADC_IRQHandler                       0x08000a7d   Thumb Code   278  stm32f0xx_hal_adc.o(i.HAL_ADC_IRQHandler)
    HAL_ADC_Init                             0x08000b95   Thumb Code   442  stm32f0xx_hal_adc.o(i.HAL_ADC_Init)
    HAL_ADC_LevelOutOfWindowCallback         0x08000d59   Thumb Code     2  stm32f0xx_hal_adc.o(i.HAL_ADC_LevelOutOfWindowCallback)
    HAL_ADC_MspInit                          0x08000d5d   Thumb Code   122  stm32f0xx_hal_msp.o(i.HAL_ADC_MspInit)
    HAL_DMA_Abort_IT                         0x08000de1   Thumb Code    88  stm32f0xx_hal_dma.o(i.HAL_DMA_Abort_IT)
    HAL_GPIO_Init                            0x08000e39   Thumb Code   474  stm32f0xx_hal_gpio.o(i.HAL_GPIO_Init)
    HAL_GPIO_WritePin                        0x08001031   Thumb Code    12  stm32f0xx_hal_gpio.o(i.HAL_GPIO_WritePin)
    HAL_GetTick                              0x0800103d   Thumb Code     6  stm32f0xx_hal.o(i.HAL_GetTick)
    HAL_I2CEx_ConfigAnalogFilter             0x08001049   Thumb Code   110  stm32f0xx_hal_i2c_ex.o(i.HAL_I2CEx_ConfigAnalogFilter)
    HAL_I2CEx_ConfigDigitalFilter            0x080010b7   Thumb Code   112  stm32f0xx_hal_i2c_ex.o(i.HAL_I2CEx_ConfigDigitalFilter)
    HAL_I2C_AbortCpltCallback                0x08001127   Thumb Code     2  stm32f0xx_hal_i2c.o(i.HAL_I2C_AbortCpltCallback)
    HAL_I2C_AddrCallback                     0x08001129   Thumb Code     2  stm32f0xx_hal_i2c.o(i.HAL_I2C_AddrCallback)
    HAL_I2C_ER_IRQHandler                    0x0800112b   Thumb Code   140  stm32f0xx_hal_i2c.o(i.HAL_I2C_ER_IRQHandler)
    HAL_I2C_EV_IRQHandler                    0x080011b7   Thumb Code    30  stm32f0xx_hal_i2c.o(i.HAL_I2C_EV_IRQHandler)
    HAL_I2C_ErrorCallback                    0x080011d5   Thumb Code     2  stm32f0xx_hal_i2c.o(i.HAL_I2C_ErrorCallback)
    HAL_I2C_Init                             0x080011d9   Thumb Code   208  stm32f0xx_hal_i2c.o(i.HAL_I2C_Init)
    HAL_I2C_ListenCpltCallback               0x080012ad   Thumb Code     2  stm32f0xx_hal_i2c.o(i.HAL_I2C_ListenCpltCallback)
    HAL_I2C_MspInit                          0x080012b1   Thumb Code   136  stm32f0xx_hal_msp.o(i.HAL_I2C_MspInit)
    HAL_I2C_SlaveRxCpltCallback              0x08001345   Thumb Code     2  stm32f0xx_hal_i2c.o(i.HAL_I2C_SlaveRxCpltCallback)
    HAL_I2C_SlaveTxCpltCallback              0x08001347   Thumb Code     2  stm32f0xx_hal_i2c.o(i.HAL_I2C_SlaveTxCpltCallback)
    HAL_IncTick                              0x08001349   Thumb Code    16  stm32f0xx_hal.o(i.HAL_IncTick)
    HAL_Init                                 0x08001361   Thumb Code    28  stm32f0xx_hal.o(i.HAL_Init)
    HAL_InitTick                             0x08001381   Thumb Code    70  stm32f0xx_hal.o(i.HAL_InitTick)
    HAL_MspInit                              0x080013d5   Thumb Code    60  stm32f0xx_hal_msp.o(i.HAL_MspInit)
    HAL_NVIC_EnableIRQ                       0x08001415   Thumb Code    22  stm32f0xx_hal_cortex.o(i.HAL_NVIC_EnableIRQ)
    HAL_NVIC_SetPriority                     0x08001431   Thumb Code    18  stm32f0xx_hal_cortex.o(i.HAL_NVIC_SetPriority)
    HAL_RCCEx_PeriphCLKConfig                0x08001445   Thumb Code   406  stm32f0xx_hal_rcc_ex.o(i.HAL_RCCEx_PeriphCLKConfig)
    HAL_RCC_ClockConfig                      0x080015e9   Thumb Code   366  stm32f0xx_hal_rcc.o(i.HAL_RCC_ClockConfig)
    HAL_RCC_GetHCLKFreq                      0x0800176d   Thumb Code     6  stm32f0xx_hal_rcc.o(i.HAL_RCC_GetHCLKFreq)
    HAL_RCC_GetPCLK1Freq                     0x08001779   Thumb Code    26  stm32f0xx_hal_rcc.o(i.HAL_RCC_GetPCLK1Freq)
    HAL_RCC_GetSysClockFreq                  0x0800179d   Thumb Code   218  stm32f0xx_hal_rcc.o(i.HAL_RCC_GetSysClockFreq)
    HAL_RCC_OscConfig                        0x080018a5   Thumb Code  1592  stm32f0xx_hal_rcc.o(i.HAL_RCC_OscConfig)
    HAL_SYSTICK_Config                       0x08001ee1   Thumb Code    46  stm32f0xx_hal_cortex.o(i.HAL_SYSTICK_Config)
    HAL_TIMEx_BreakCallback                  0x08001f19   Thumb Code     2  stm32f0xx_hal_tim_ex.o(i.HAL_TIMEx_BreakCallback)
    HAL_TIMEx_CommutCallback                 0x08001f1b   Thumb Code     2  stm32f0xx_hal_tim_ex.o(i.HAL_TIMEx_CommutCallback)
    HAL_TIMEx_MasterConfigSynchronization    0x08001f1d   Thumb Code   128  stm32f0xx_hal_tim_ex.o(i.HAL_TIMEx_MasterConfigSynchronization)
    HAL_TIM_Base_Init                        0x08001fa9   Thumb Code    56  stm32f0xx_hal_tim.o(i.HAL_TIM_Base_Init)
    HAL_TIM_Base_MspInit                     0x08001fe1   Thumb Code    58  stm32f0xx_hal_msp.o(i.HAL_TIM_Base_MspInit)
    HAL_TIM_IC_CaptureCallback               0x08002025   Thumb Code     2  stm32f0xx_hal_tim.o(i.HAL_TIM_IC_CaptureCallback)
    HAL_TIM_IRQHandler                       0x08002027   Thumb Code   456  stm32f0xx_hal_tim.o(i.HAL_TIM_IRQHandler)
    HAL_TIM_OC_DelayElapsedCallback          0x080021ef   Thumb Code     2  stm32f0xx_hal_tim.o(i.HAL_TIM_OC_DelayElapsedCallback)
    HAL_TIM_PWM_PulseFinishedCallback        0x080021f1   Thumb Code     2  stm32f0xx_hal_tim.o(i.HAL_TIM_PWM_PulseFinishedCallback)
    HAL_TIM_PeriodElapsedCallback            0x080021f3   Thumb Code     2  stm32f0xx_hal_tim.o(i.HAL_TIM_PeriodElapsedCallback)
    HAL_TIM_TriggerCallback                  0x080021f5   Thumb Code     2  stm32f0xx_hal_tim.o(i.HAL_TIM_TriggerCallback)
    HAL_UARTEx_WakeupCallback                0x080021f7   Thumb Code     2  stm32f0xx_hal_uart_ex.o(i.HAL_UARTEx_WakeupCallback)
    HAL_UART_ErrorCallback                   0x080021f9   Thumb Code     2  stm32f0xx_hal_uart.o(i.HAL_UART_ErrorCallback)
    HAL_UART_IRQHandler                      0x080021fd   Thumb Code   492  stm32f0xx_hal_uart.o(i.HAL_UART_IRQHandler)
    HAL_UART_Init                            0x080023f1   Thumb Code   126  stm32f0xx_hal_uart.o(i.HAL_UART_Init)
    HAL_UART_MspInit                         0x08002471   Thumb Code   132  stm32f0xx_hal_msp.o(i.HAL_UART_MspInit)
    HAL_UART_TxCpltCallback                  0x080024fd   Thumb Code     2  stm32f0xx_hal_uart.o(i.HAL_UART_TxCpltCallback)
    HardFault_Handler                        0x080024ff   Thumb Code     4  stm32f0xx_it.o(i.HardFault_Handler)
    I2C1_IRQHandler                          0x08002505   Thumb Code  1142  stm32f0xx_it.o(i.I2C1_IRQHandler)
    NMI_Handler                              0x08003249   Thumb Code     2  stm32f0xx_it.o(i.NMI_Handler)
    PendSV_Handler                           0x0800324b   Thumb Code     2  stm32f0xx_it.o(i.PendSV_Handler)
    SVC_Handler                              0x0800324d   Thumb Code     2  stm32f0xx_it.o(i.SVC_Handler)
    SysTick_Handler                          0x0800324f   Thumb Code     8  stm32f0xx_it.o(i.SysTick_Handler)
    SystemClock_Config                       0x08003257   Thumb Code   124  main.o(i.SystemClock_Config)
    SystemInit                               0x080032d3   Thumb Code     2  system_stm32f0xx.o(i.SystemInit)
    TIM7_IRQHandler                          0x080032d5   Thumb Code    60  stm32f0xx_it.o(i.TIM7_IRQHandler)
    TIM_Base_SetConfig                       0x08003321   Thumb Code   150  stm32f0xx_hal_tim.o(i.TIM_Base_SetConfig)
    UART_AdvFeatureConfig                    0x080033d1   Thumb Code   240  stm32f0xx_hal_uart.o(i.UART_AdvFeatureConfig)
    UART_CheckIdleState                      0x080034c1   Thumb Code   106  stm32f0xx_hal_uart.o(i.UART_CheckIdleState)
    UART_SetConfig                           0x0800358d   Thumb Code   528  stm32f0xx_hal_uart.o(i.UART_SetConfig)
    UART_WaitOnFlagUntilTimeout              0x080037c1   Thumb Code   188  stm32f0xx_hal_uart.o(i.UART_WaitOnFlagUntilTimeout)
    USART2_IRQHandler                        0x0800387d   Thumb Code    64  stm32f0xx_it.o(i.USART2_IRQHandler)
    __ARM_clz                                0x080038c9   Thumb Code    46  depilogue.o(i.__ARM_clz)
    __ARM_common_ll_muluu                    0x080038f7   Thumb Code    48  stm32f0xx_hal_rcc.o(i.__ARM_common_ll_muluu)
    __ARM_common_switch8                     0x08003927   Thumb Code    28  stm32f0xx_it.o(i.__ARM_common_switch8)
    __scatterload_copy                       0x080039bd   Thumb Code    14  handlers.o(i.__scatterload_copy)
    __scatterload_null                       0x080039cb   Thumb Code     2  handlers.o(i.__scatterload_null)
    __scatterload_zeroinit                   0x080039cd   Thumb Code    14  handlers.o(i.__scatterload_zeroinit)
    led                                      0x080039dd   Thumb Code   120  stm32f0xx_it.o(i.led)
    main                                     0x08003a5d   Thumb Code   374  main.o(i.main)
    scelta                                   0x08003be9   Thumb Code    38  stm32f0xx_it.o(i.scelta)
    wait_tim                                 0x08003c21   Thumb Code    48  main.o(i.wait_tim)
    AHBPrescTable                            0x08003c58   Data          16  system_stm32f0xx.o(.constdata)
    APBPrescTable                            0x08003c68   Data           8  system_stm32f0xx.o(.constdata)
    Region$$Table$$Base                      0x08003c70   Number         0  anon$$obj.o(Region$$Table)
    Region$$Table$$Limit                     0x08003c90   Number         0  anon$$obj.o(Region$$Table)
    puntatore                                0x20000000   Data           4  main.o(.data)
    msg                                      0x20000004   Data          10  main.o(.data)
    i                                        0x20000010   Data           4  main.o(.data)
    loaded                                   0x20000014   Data           4  main.o(.data)
    lenght_da_trasmettere                    0x20000018   Data           4  main.o(.data)
    initdata                                 0x2000001c   Data          16  main.o(.data)
    NBYTES                                   0x2000002c   Data           4  main.o(.data)
    vrefint_data                             0x20000030   Data           4  stm32f0xx_it.o(.data)
    wait                                     0x20000034   Data           4  stm32f0xx_it.o(.data)
    loops                                    0x20000038   Data           4  stm32f0xx_it.o(.data)
    led_on                                   0x2000003c   Data           4  stm32f0xx_it.o(.data)
    temp                                     0x20000040   Data           9  stm32f0xx_it.o(.data)
    t                                        0x2000004a   Data           2  stm32f0xx_it.o(.data)
    t1                                       0x2000004c   Data           4  stm32f0xx_it.o(.data)
    t2                                       0x20000050   Data           4  stm32f0xx_it.o(.data)
    j                                        0x20000054   Data           4  stm32f0xx_it.o(.data)
    uwTick                                   0x20000058   Data           4  stm32f0xx_hal.o(.data)
    uwTickPrio                               0x2000005c   Data           4  stm32f0xx_hal.o(.data)
    uwTickFreq                               0x20000060   Data           1  stm32f0xx_hal.o(.data)
    SystemCoreClock                          0x20000064   Data           4  system_stm32f0xx.o(.data)
    hadc                                     0x20000068   Data          64  main.o(.bss)
    hi2c1                                    0x200000a8   Data          76  main.o(.bss)
    htim7                                    0x200000f4   Data          64  main.o(.bss)
    huart2                                   0x20000134   Data         128  main.o(.bss)
    vec                                      0x200001b4   Data          12  stm32f0xx_it.o(.bss)
    perc                                     0x200001c0   Data          16  stm32f0xx_it.o(.bss)
    __initial_sp                             0x200005d0   Data           0  startup_stm32f072xb.o(STACK)



==============================================================================

Memory Map of the image

  Image Entry point : 0x080000c1

  Load Region LR_IROM1 (Base: 0x08000000, Size: 0x00003cf8, Max: 0x00020000, ABSOLUTE)

    Execution Region ER_IROM1 (Exec base: 0x08000000, Load base: 0x08000000, Size: 0x00003c90, Max: 0x00020000, ABSOLUTE)

    Exec Addr    Load Addr    Size         Type   Attr      Idx    E Section Name        Object

    0x08000000   0x08000000   0x000000c0   Data   RO            3    RESET               startup_stm32f072xb.o
    0x080000c0   0x080000c0   0x00000000   Code   RO         3456  * .ARM.Collect$$$$00000000  mc_p.l(entry.o)
    0x080000c0   0x080000c0   0x00000004   Code   RO         3483    .ARM.Collect$$$$00000001  mc_p.l(entry2.o)
    0x080000c4   0x080000c4   0x00000004   Code   RO         3486    .ARM.Collect$$$$00000004  mc_p.l(entry5.o)
    0x080000c8   0x080000c8   0x00000000   Code   RO         3488    .ARM.Collect$$$$00000008  mc_p.l(entry7b.o)
    0x080000c8   0x080000c8   0x00000000   Code   RO         3490    .ARM.Collect$$$$0000000A  mc_p.l(entry8b.o)
    0x080000c8   0x080000c8   0x00000008   Code   RO         3491    .ARM.Collect$$$$0000000B  mc_p.l(entry9a.o)
    0x080000d0   0x080000d0   0x00000000   Code   RO         3493    .ARM.Collect$$$$0000000D  mc_p.l(entry10a.o)
    0x080000d0   0x080000d0   0x00000000   Code   RO         3495    .ARM.Collect$$$$0000000F  mc_p.l(entry11a.o)
    0x080000d0   0x080000d0   0x00000004   Code   RO         3484    .ARM.Collect$$$$00002712  mc_p.l(entry2.o)
    0x080000d4   0x080000d4   0x0000001c   Code   RO            4    .text               startup_stm32f072xb.o
    0x080000f0   0x080000f0   0x0000002c   Code   RO         3459    .text               mc_p.l(uidiv.o)
    0x0800011c   0x0800011c   0x00000028   Code   RO         3461    .text               mc_p.l(idiv.o)
    0x08000144   0x08000144   0x00000060   Code   RO         3463    .text               mc_p.l(uldiv.o)
    0x080001a4   0x080001a4   0x00000022   Code   RO         3465    .text               mc_p.l(llushr.o)
    0x080001c6   0x080001c6   0x00000024   Code   RO         3467    .text               mc_p.l(memseta.o)
    0x080001ea   0x080001ea   0x00000002   PAD
    0x080001ec   0x080001ec   0x00000164   Code   RO         3469    .text               mf_p.l(dadd.o)
    0x08000350   0x08000350   0x000000d0   Code   RO         3471    .text               mf_p.l(dmul.o)
    0x08000420   0x08000420   0x000000f0   Code   RO         3473    .text               mf_p.l(ddiv.o)
    0x08000510   0x08000510   0x0000001c   Code   RO         3475    .text               mf_p.l(dfltui.o)
    0x0800052c   0x0800052c   0x00000032   Code   RO         3477    .text               mf_p.l(ffixi.o)
    0x0800055e   0x0800055e   0x00000002   PAD
    0x08000560   0x08000560   0x0000003c   Code   RO         3479    .text               mf_p.l(dfixui.o)
    0x0800059c   0x0800059c   0x00000038   Code   RO         3481    .text               mf_p.l(d2f.o)
    0x080005d4   0x080005d4   0x00000020   Code   RO         3497    .text               mc_p.l(llshl.o)
    0x080005f4   0x080005f4   0x00000026   Code   RO         3499    .text               mc_p.l(llsshr.o)
    0x0800061a   0x0800061a   0x00000000   Code   RO         3501    .text               mc_p.l(iusefp.o)
    0x0800061a   0x0800061a   0x00000082   Code   RO         3502    .text               mf_p.l(fepilogue.o)
    0x0800069c   0x0800069c   0x000000be   Code   RO         3504    .text               mf_p.l(depilogue.o)
    0x0800075a   0x0800075a   0x00000002   PAD
    0x0800075c   0x0800075c   0x00000024   Code   RO         3508    .text               mc_p.l(init.o)
    0x08000780   0x08000780   0x00000148   Code   RO          182    i.ADC1_COMP_IRQHandler  stm32f0xx_it.o
    0x080008c8   0x080008c8   0x00000002   Code   RO           12    i.Error_Handler     main.o
    0x080008ca   0x080008ca   0x00000002   PAD
    0x080008cc   0x080008cc   0x000001ac   Code   RO          347    i.HAL_ADC_ConfigChannel  stm32f0xx_hal_adc.o
    0x08000a78   0x08000a78   0x00000002   Code   RO          348    i.HAL_ADC_ConvCpltCallback  stm32f0xx_hal_adc.o
    0x08000a7a   0x08000a7a   0x00000002   Code   RO          351    i.HAL_ADC_ErrorCallback  stm32f0xx_hal_adc.o
    0x08000a7c   0x08000a7c   0x00000116   Code   RO          355    i.HAL_ADC_IRQHandler  stm32f0xx_hal_adc.o
    0x08000b92   0x08000b92   0x00000002   PAD
    0x08000b94   0x08000b94   0x000001c4   Code   RO          356    i.HAL_ADC_Init      stm32f0xx_hal_adc.o
    0x08000d58   0x08000d58   0x00000002   Code   RO          357    i.HAL_ADC_LevelOutOfWindowCallback  stm32f0xx_hal_adc.o
    0x08000d5a   0x08000d5a   0x00000002   PAD
    0x08000d5c   0x08000d5c   0x00000084   Code   RO          273    i.HAL_ADC_MspInit   stm32f0xx_hal_msp.o
    0x08000de0   0x08000de0   0x00000058   Code   RO         1442    i.HAL_DMA_Abort_IT  stm32f0xx_hal_dma.o
    0x08000e38   0x08000e38   0x000001f8   Code   RO         1380    i.HAL_GPIO_Init     stm32f0xx_hal_gpio.o
    0x08001030   0x08001030   0x0000000c   Code   RO         1384    i.HAL_GPIO_WritePin  stm32f0xx_hal_gpio.o
    0x0800103c   0x0800103c   0x0000000c   Code   RO          725    i.HAL_GetTick       stm32f0xx_hal.o
    0x08001048   0x08001048   0x0000006e   Code   RO         1327    i.HAL_I2CEx_ConfigAnalogFilter  stm32f0xx_hal_i2c_ex.o
    0x080010b6   0x080010b6   0x00000070   Code   RO         1328    i.HAL_I2CEx_ConfigDigitalFilter  stm32f0xx_hal_i2c_ex.o
    0x08001126   0x08001126   0x00000002   Code   RO          874    i.HAL_I2C_AbortCpltCallback  stm32f0xx_hal_i2c.o
    0x08001128   0x08001128   0x00000002   Code   RO          875    i.HAL_I2C_AddrCallback  stm32f0xx_hal_i2c.o
    0x0800112a   0x0800112a   0x0000008c   Code   RO          878    i.HAL_I2C_ER_IRQHandler  stm32f0xx_hal_i2c.o
    0x080011b6   0x080011b6   0x0000001e   Code   RO          879    i.HAL_I2C_EV_IRQHandler  stm32f0xx_hal_i2c.o
    0x080011d4   0x080011d4   0x00000002   Code   RO          881    i.HAL_I2C_ErrorCallback  stm32f0xx_hal_i2c.o
    0x080011d6   0x080011d6   0x00000002   PAD
    0x080011d8   0x080011d8   0x000000d4   Code   RO          885    i.HAL_I2C_Init      stm32f0xx_hal_i2c.o
    0x080012ac   0x080012ac   0x00000002   Code   RO          887    i.HAL_I2C_ListenCpltCallback  stm32f0xx_hal_i2c.o
    0x080012ae   0x080012ae   0x00000002   PAD
    0x080012b0   0x080012b0   0x00000094   Code   RO          275    i.HAL_I2C_MspInit   stm32f0xx_hal_msp.o
    0x08001344   0x08001344   0x00000002   Code   RO          911    i.HAL_I2C_SlaveRxCpltCallback  stm32f0xx_hal_i2c.o
    0x08001346   0x08001346   0x00000002   Code   RO          912    i.HAL_I2C_SlaveTxCpltCallback  stm32f0xx_hal_i2c.o
    0x08001348   0x08001348   0x00000018   Code   RO          731    i.HAL_IncTick       stm32f0xx_hal.o
    0x08001360   0x08001360   0x00000020   Code   RO          732    i.HAL_Init          stm32f0xx_hal.o
    0x08001380   0x08001380   0x00000054   Code   RO          733    i.HAL_InitTick      stm32f0xx_hal.o
    0x080013d4   0x080013d4   0x00000040   Code   RO          276    i.HAL_MspInit       stm32f0xx_hal_msp.o
    0x08001414   0x08001414   0x0000001c   Code   RO         1537    i.HAL_NVIC_EnableIRQ  stm32f0xx_hal_cortex.o
    0x08001430   0x08001430   0x00000012   Code   RO         1541    i.HAL_NVIC_SetPriority  stm32f0xx_hal_cortex.o
    0x08001442   0x08001442   0x00000002   PAD
    0x08001444   0x08001444   0x000001a4   Code   RO          641    i.HAL_RCCEx_PeriphCLKConfig  stm32f0xx_hal_rcc_ex.o
    0x080015e8   0x080015e8   0x00000184   Code   RO          537    i.HAL_RCC_ClockConfig  stm32f0xx_hal_rcc.o
    0x0800176c   0x0800176c   0x0000000c   Code   RO          542    i.HAL_RCC_GetHCLKFreq  stm32f0xx_hal_rcc.o
    0x08001778   0x08001778   0x00000024   Code   RO          544    i.HAL_RCC_GetPCLK1Freq  stm32f0xx_hal_rcc.o
    0x0800179c   0x0800179c   0x00000108   Code   RO          545    i.HAL_RCC_GetSysClockFreq  stm32f0xx_hal_rcc.o
    0x080018a4   0x080018a4   0x0000063c   Code   RO          548    i.HAL_RCC_OscConfig  stm32f0xx_hal_rcc.o
    0x08001ee0   0x08001ee0   0x00000038   Code   RO         1545    i.HAL_SYSTICK_Config  stm32f0xx_hal_cortex.o
    0x08001f18   0x08001f18   0x00000002   Code   RO         2748    i.HAL_TIMEx_BreakCallback  stm32f0xx_hal_tim_ex.o
    0x08001f1a   0x08001f1a   0x00000002   Code   RO         2749    i.HAL_TIMEx_CommutCallback  stm32f0xx_hal_tim_ex.o
    0x08001f1c   0x08001f1c   0x0000008c   Code   RO         2766    i.HAL_TIMEx_MasterConfigSynchronization  stm32f0xx_hal_tim_ex.o
    0x08001fa8   0x08001fa8   0x00000038   Code   RO         2054    i.HAL_TIM_Base_Init  stm32f0xx_hal_tim.o
    0x08001fe0   0x08001fe0   0x00000044   Code   RO          278    i.HAL_TIM_Base_MspInit  stm32f0xx_hal_msp.o
    0x08002024   0x08002024   0x00000002   Code   RO         2085    i.HAL_TIM_IC_CaptureCallback  stm32f0xx_hal_tim.o
    0x08002026   0x08002026   0x000001c8   Code   RO         2099    i.HAL_TIM_IRQHandler  stm32f0xx_hal_tim.o
    0x080021ee   0x080021ee   0x00000002   Code   RO         2102    i.HAL_TIM_OC_DelayElapsedCallback  stm32f0xx_hal_tim.o
    0x080021f0   0x080021f0   0x00000002   Code   RO         2129    i.HAL_TIM_PWM_PulseFinishedCallback  stm32f0xx_hal_tim.o
    0x080021f2   0x080021f2   0x00000002   Code   RO         2137    i.HAL_TIM_PeriodElapsedCallback  stm32f0xx_hal_tim.o
    0x080021f4   0x080021f4   0x00000002   Code   RO         2142    i.HAL_TIM_TriggerCallback  stm32f0xx_hal_tim.o
    0x080021f6   0x080021f6   0x00000002   Code   RO         3375    i.HAL_UARTEx_WakeupCallback  stm32f0xx_hal_uart_ex.o
    0x080021f8   0x080021f8   0x00000002   Code   RO         3019    i.HAL_UART_ErrorCallback  stm32f0xx_hal_uart.o
    0x080021fa   0x080021fa   0x00000002   PAD
    0x080021fc   0x080021fc   0x000001f4   Code   RO         3022    i.HAL_UART_IRQHandler  stm32f0xx_hal_uart.o
    0x080023f0   0x080023f0   0x0000007e   Code   RO         3023    i.HAL_UART_Init     stm32f0xx_hal_uart.o
    0x0800246e   0x0800246e   0x00000002   PAD
    0x08002470   0x08002470   0x0000008c   Code   RO          280    i.HAL_UART_MspInit  stm32f0xx_hal_msp.o
    0x080024fc   0x080024fc   0x00000002   Code   RO         3035    i.HAL_UART_TxCpltCallback  stm32f0xx_hal_uart.o
    0x080024fe   0x080024fe   0x00000004   Code   RO          183    i.HardFault_Handler  stm32f0xx_it.o
    0x08002502   0x08002502   0x00000002   PAD
    0x08002504   0x08002504   0x00000488   Code   RO          184    i.I2C1_IRQHandler   stm32f0xx_it.o
    0x0800298c   0x0800298c   0x0000002e   Code   RO          924    i.I2C_DMAAbort      stm32f0xx_hal_i2c.o
    0x080029ba   0x080029ba   0x0000007a   Code   RO          930    i.I2C_Disable_IRQ   stm32f0xx_hal_i2c.o
    0x08002a34   0x08002a34   0x00000032   Code   RO          932    i.I2C_Flush_TXDR    stm32f0xx_hal_i2c.o
    0x08002a66   0x08002a66   0x000000cc   Code   RO          933    i.I2C_ITAddrCplt    stm32f0xx_hal_i2c.o
    0x08002b32   0x08002b32   0x00000002   PAD
    0x08002b34   0x08002b34   0x0000011c   Code   RO          934    i.I2C_ITError       stm32f0xx_hal_i2c.o
    0x08002c50   0x08002c50   0x00000074   Code   RO          935    i.I2C_ITListenCplt  stm32f0xx_hal_i2c.o
    0x08002cc4   0x08002cc4   0x00000148   Code   RO          938    i.I2C_ITSlaveCplt   stm32f0xx_hal_i2c.o
    0x08002e0c   0x08002e0c   0x00000062   Code   RO          939    i.I2C_ITSlaveSeqCplt  stm32f0xx_hal_i2c.o
    0x08002e6e   0x08002e6e   0x00000002   PAD
    0x08002e70   0x08002e70   0x0000017c   Code   RO          946    i.I2C_Slave_ISR_IT  stm32f0xx_hal_i2c.o
    0x08002fec   0x08002fec   0x0000008c   Code   RO           13    i.MX_ADC_Init       main.o
    0x08003078   0x08003078   0x000000e0   Code   RO           14    i.MX_GPIO_Init      main.o
    0x08003158   0x08003158   0x0000005c   Code   RO           15    i.MX_I2C1_Init      main.o
    0x080031b4   0x080031b4   0x00000050   Code   RO           16    i.MX_TIM7_Init      main.o
    0x08003204   0x08003204   0x00000044   Code   RO           17    i.MX_USART2_UART_Init  main.o
    0x08003248   0x08003248   0x00000002   Code   RO          185    i.NMI_Handler       stm32f0xx_it.o
    0x0800324a   0x0800324a   0x00000002   Code   RO          186    i.PendSV_Handler    stm32f0xx_it.o
    0x0800324c   0x0800324c   0x00000002   Code   RO          187    i.SVC_Handler       stm32f0xx_it.o
    0x0800324e   0x0800324e   0x00000008   Code   RO          188    i.SysTick_Handler   stm32f0xx_it.o
    0x08003256   0x08003256   0x0000007c   Code   RO           18    i.SystemClock_Config  main.o
    0x080032d2   0x080032d2   0x00000002   Code   RO         3426    i.SystemInit        system_stm32f0xx.o
    0x080032d4   0x080032d4   0x0000004c   Code   RO          189    i.TIM7_IRQHandler   stm32f0xx_it.o
    0x08003320   0x08003320   0x000000b0   Code   RO         2144    i.TIM_Base_SetConfig  stm32f0xx_hal_tim.o
    0x080033d0   0x080033d0   0x000000f0   Code   RO         3037    i.UART_AdvFeatureConfig  stm32f0xx_hal_uart.o
    0x080034c0   0x080034c0   0x00000070   Code   RO         3038    i.UART_CheckIdleState  stm32f0xx_hal_uart.o
    0x08003530   0x08003530   0x00000018   Code   RO         3039    i.UART_DMAAbortOnError  stm32f0xx_hal_uart.o
    0x08003548   0x08003548   0x00000024   Code   RO         3049    i.UART_EndRxTransfer  stm32f0xx_hal_uart.o
    0x0800356c   0x0800356c   0x00000020   Code   RO         3050    i.UART_EndTransmit_IT  stm32f0xx_hal_uart.o
    0x0800358c   0x0800358c   0x00000234   Code   RO         3054    i.UART_SetConfig    stm32f0xx_hal_uart.o
    0x080037c0   0x080037c0   0x000000bc   Code   RO         3057    i.UART_WaitOnFlagUntilTimeout  stm32f0xx_hal_uart.o
    0x0800387c   0x0800387c   0x0000004c   Code   RO          190    i.USART2_IRQHandler  stm32f0xx_it.o
    0x080038c8   0x080038c8   0x0000002e   Code   RO         3506    i.__ARM_clz         mf_p.l(depilogue.o)
    0x080038f6   0x080038f6   0x00000030   Code   RO          623    i.__ARM_common_ll_muluu  stm32f0xx_hal_rcc.o
    0x08003926   0x08003926   0x0000001c   Code   RO          261    i.__ARM_common_switch8  stm32f0xx_it.o
    0x08003942   0x08003942   0x00000002   PAD
    0x08003944   0x08003944   0x00000078   Code   RO         1547    i.__NVIC_SetPriority  stm32f0xx_hal_cortex.o
    0x080039bc   0x080039bc   0x0000000e   Code   RO         3512    i.__scatterload_copy  mc_p.l(handlers.o)
    0x080039ca   0x080039ca   0x00000002   Code   RO         3513    i.__scatterload_null  mc_p.l(handlers.o)
    0x080039cc   0x080039cc   0x0000000e   Code   RO         3514    i.__scatterload_zeroinit  mc_p.l(handlers.o)
    0x080039da   0x080039da   0x00000002   PAD
    0x080039dc   0x080039dc   0x00000080   Code   RO          191    i.led               stm32f0xx_it.o
    0x08003a5c   0x08003a5c   0x0000018c   Code   RO           19    i.main              main.o
    0x08003be8   0x08003be8   0x00000038   Code   RO          192    i.scelta            stm32f0xx_it.o
    0x08003c20   0x08003c20   0x00000038   Code   RO           20    i.wait_tim          main.o
    0x08003c58   0x08003c58   0x00000018   Data   RO         3427    .constdata          system_stm32f0xx.o
    0x08003c70   0x08003c70   0x00000020   Data   RO         3510    Region$$Table       anon$$obj.o


    Execution Region RW_IRAM1 (Exec base: 0x20000000, Load base: 0x08003c90, Size: 0x000005d0, Max: 0x00004000, ABSOLUTE)

    Exec Addr    Load Addr    Size         Type   Attr      Idx    E Section Name        Object

    0x20000000   0x08003c90   0x00000030   Data   RW           22    .data               main.o
    0x20000030   0x08003cc0   0x00000028   Data   RW          194    .data               stm32f0xx_it.o
    0x20000058   0x08003ce8   0x00000009   Data   RW          739    .data               stm32f0xx_hal.o
    0x20000061   0x08003cf1   0x00000003   PAD
    0x20000064   0x08003cf4   0x00000004   Data   RW         3428    .data               system_stm32f0xx.o
    0x20000068        -       0x0000014c   Zero   RW           21    .bss                main.o
    0x200001b4        -       0x0000001c   Zero   RW          193    .bss                stm32f0xx_it.o
    0x200001d0        -       0x00000400   Zero   RW            1    STACK               startup_stm32f072xb.o


==============================================================================

Image component sizes


      Code (inc. data)   RO Data    RW Data    ZI Data      Debug   Object Name

      1182         86          0         48        332     512853   main.o
        28          8        192          0       1024        660   startup_stm32f072xb.o
       152         32          0          9          0       8133   stm32f0xx_hal.o
      1164         26          0          0          0       5038   stm32f0xx_hal_adc.o
       222         26          0          0          0      10505   stm32f0xx_hal_cortex.o
        88          0          0          0          0       1099   stm32f0xx_hal_dma.o
       516         30          0          0          0       2304   stm32f0xx_hal_gpio.o
      2022         32          0          0          0      14523   stm32f0xx_hal_i2c.o
       222          0          0          0          0       1987   stm32f0xx_hal_i2c_ex.o
       552         44          0          0          0       3612   stm32f0xx_hal_msp.o
      2344        100          0          0          0       5473   stm32f0xx_hal_rcc.o
       420         14          0          0          0       1596   stm32f0xx_hal_rcc_ex.o
       698         26          0          0          0       5659   stm32f0xx_hal_tim.o
       144         12          0          0          0       2505   stm32f0xx_hal_tim_ex.o
      1826         50          0          0          0       8862   stm32f0xx_hal_uart.o
         2          0          0          0          0        996   stm32f0xx_hal_uart_ex.o
      1870        188          0         40         28       7329   stm32f0xx_it.o
         2          0         24          4          0       1187   system_stm32f0xx.o

    ----------------------------------------------------------------------
     13478        674        248        104       1384     594321   Object Totals
         0          0         32          0          0          0   (incl. Generated)
        24          0          0          3          0          0   (incl. Padding)

    ----------------------------------------------------------------------

      Code (inc. data)   RO Data    RW Data    ZI Data      Debug   Library Member Name

         0          0          0          0          0          0   entry.o
         0          0          0          0          0          0   entry10a.o
         0          0          0          0          0          0   entry11a.o
         8          4          0          0          0          0   entry2.o
         4          0          0          0          0          0   entry5.o
         0          0          0          0          0          0   entry7b.o
         0          0          0          0          0          0   entry8b.o
         8          4          0          0          0          0   entry9a.o
        30          0          0          0          0          0   handlers.o
        40          0          0          0          0         72   idiv.o
        36          8          0          0          0         68   init.o
         0          0          0          0          0          0   iusefp.o
        32          0          0          0          0         68   llshl.o
        38          0          0          0          0         68   llsshr.o
        34          0          0          0          0         68   llushr.o
        36          0          0          0          0        100   memseta.o
        44          0          0          0          0         72   uidiv.o
        96          0          0          0          0         84   uldiv.o
        56          0          0          0          0         68   d2f.o
       356          4          0          0          0        140   dadd.o
       240          6          0          0          0         84   ddiv.o
       236          0          0          0          0        216   depilogue.o
        60         10          0          0          0         68   dfixui.o
        28          4          0          0          0         68   dfltui.o
       208          6          0          0          0         88   dmul.o
       130          0          0          0          0        144   fepilogue.o
        50          0          0          0          0         60   ffixi.o

    ----------------------------------------------------------------------
      1778         46          0          0          0       1536   Library Totals
         8          0          0          0          0          0   (incl. Padding)

    ----------------------------------------------------------------------

      Code (inc. data)   RO Data    RW Data    ZI Data      Debug   Library Name

       406         16          0          0          0        600   mc_p.l
      1364         30          0          0          0        936   mf_p.l

    ----------------------------------------------------------------------
      1778         46          0          0          0       1536   Library Totals

    ----------------------------------------------------------------------

==============================================================================


      Code (inc. data)   RO Data    RW Data    ZI Data      Debug   

     15256        720        248        104       1384     591389   Grand Totals
     15256        720        248        104       1384     591389   ELF Image Totals
     15256        720        248        104          0          0   ROM Totals

==============================================================================

    Total RO  Size (Code + RO Data)                15504 (  15.14kB)
    Total RW  Size (RW Data + ZI Data)              1488 (   1.45kB)
    Total ROM Size (Code + RO Data + RW Data)      15608 (  15.24kB)

==============================================================================

