A51 MACRO ASSEMBLER  ASSEMBLY                                                             11/04/2019 09:36:01 PAGE     1


MACRO ASSEMBLER A51 V8.2.7.0
OBJECT MODULE PLACED IN .\Objects\ASSEMBLY.obj
ASSEMBLER INVOKED BY: C:\Keil_v5\C51\BIN\A51.EXE ASSEMBLY.A51 NOMOD51 SET(SMALL) DEBUG PRINT(.\Listings\ASSEMBLY.lst) OB
                      JECT(.\Objects\ASSEMBLY.obj) EP

LOC  OBJ            LINE     SOURCE

                       1     ;NAME ASM_CODE
                       2     
                       3     ;$INCLUDE (C8051F020.INC)
                       4     
                       5     ;EXTRN  CODE    (Init_Device)
                       6     ;PUBLIC START,STACK2,N
                       7     
                       8     ;CODICE SEGMENT CODE
                       9     ;VETTORE SEGMENT CODE
                      10     ;STACK SEGMENT IDATA
                      11     ;NEXT SEGMENT CODE
                      12     ;RSEG STACK
                      13     ;STACK2: DS 10H
                      14     
                      15     ;RSEG VETTORE
                      16     ;VETT: DB       'Ciao',00H
                      17     
                      18     
                      19     ;RSEG NEXT
                      20     ;N:     MOVC A,@A+DPTR
                      21             ;RET
                      22     ;RSEG CODICE
                      23     ;START:
                      24             ;LCALL Init_Device
                      25             ;MOV DPTR, #VETT
                      26             ;RET
                      27             
                      28     ;END
*** WARNING #A41 IN 28 (ASSEMBLY.A51, LINE 28): MISSING 'END' STATEMENT
A51 MACRO ASSEMBLER  ASSEMBLY                                                             11/04/2019 09:36:01 PAGE     2

SYMBOL TABLE LISTING
------ ----- -------


N A M E             T Y P E  V A L U E   ATTRIBUTES



REGISTER BANK(S) USED: 0 


ASSEMBLY COMPLETE.  1 WARNING(S), 0 ERROR(S)
