C51 COMPILER V9.59.0.0   PRINCIPALE                                                        10/18/2019 11:35:58 PAGE 1   


C51 COMPILER V9.59.0.0, COMPILATION OF MODULE PRINCIPALE
OBJECT MODULE PLACED IN .\Objects\principale.obj
COMPILER INVOKED BY: C:\Keil_v5\C51\BIN\C51.EXE principale.c OPTIMIZE(8,SPEED) BROWSE DEBUG OBJECTEXTEND PRINT(.\Listing
                    -s\principale.lst) TABS(2) OBJECT(.\Objects\principale.obj)

line level    source

   1          //principale.c
   2          #include "c8051F020.h"
   3          //#include <stdio.h>
   4          
   5          char idata stack1[16];
   6          extern char idata stack2;
   7          int luminosity = 75;
   8          int loops_on;
   9          int loops; //lo stato iniziale è 1
  10          int led_status=0;
  11          extern void START(void);
  12          
  13          
  14          void interruzione_timer(void) interrupt 1{
  15   1        //fermo
  16   1        TR0=0;
  17   1        TF0=0;
  18   1        loops--;
  19   1        if (loops<=0){
  20   2            if(led_status){
  21   3              //accendo
  22   3              P1_6=1;
  23   3              led_status=0;
  24   3              loops=loops_on;
  25   3            }
  26   2            else{
  27   3              //spengo
  28   3              P1_6=0;
  29   3              led_status=1;
  30   3              loops=255-loops_on;
  31   3              //faccio ripartire
  32   3            }
  33   2        }
  34   1        TR0=1;
  35   1      }
  36          void interruzione_pulsante(void) interrupt 19{
  37   1        //setto luminoisty a 75
  38   1        luminosity=75;
  39   1        loops_on=luminosity*255/100;
  40   1        led_status=0;
  41   1        //poi può rincominciare
  42   1      }
  43          void main(){
  44   1        SP = (char) (&stack1);
  45   1        START();
  46   1        loops_on=(255*luminosity/100);
  47   1        loops=loops_on;
  48   1        //qui posso fare quello che voglio
  49   1        while(1);
  50   1      }


MODULE INFORMATION:   STATIC OVERLAYABLE
   CODE SIZE        =    180    ----
C51 COMPILER V9.59.0.0   PRINCIPALE                                                        10/18/2019 11:35:58 PAGE 2   

   CONSTANT SIZE    =   ----    ----
   XDATA SIZE       =   ----    ----
   PDATA SIZE       =   ----    ----
   DATA SIZE        =      8    ----
   IDATA SIZE       =     16    ----
   BIT SIZE         =   ----    ----
END OF MODULE INFORMATION.


C51 COMPILATION COMPLETE.  0 WARNING(S),  0 ERROR(S)
